Downloading Minecraft server
Installing Fabric Loader 0.19.5(26.3) on the server
Downloading required files
Downloading library org.ow2.asm:asm:9.10.1
Downloading library org.ow2.asm:asm-analysis:9.10.1
Downloading library org.ow2.asm:asm-commons:9.10.1
Downloading library org.ow2.asm:asm-tree:9.10.1
Downloading library org.ow2.asm:asm-util:9.10.1
Downloading library net.fabricmc:sponge-mixin:0.17.4+mixin.0.8.7
Downloading library net.fabricmc:fabric-loader:0.19.5
Generating server launch JAR
Unpacking 26.3/server-26.3.jar (versions:26.3) to versions/26.3/server-26.3.jar
Unpacking at/yawk/lz4/lz4-java/1.10.1/lz4-java-1.10.1.jar (libraries:at.yawk.lz4:lz4-java:1.10.1) to libraries/at/yawk/lz4/lz4-java/1.10.1/lz4-java-1.10.1.jar
Unpacking com/azure/azure-json/1.4.0/azure-json-1.4.0.jar (libraries:com.azure:azure-json:1.4.0) to libraries/com/azure/azure-json/1.4.0/azure-json-1.4.0.jar
Unpacking com/github/oshi/oshi-core/6.9.0/oshi-core-6.9.0.jar (libraries:com.github.oshi:oshi-core:6.9.0) to libraries/com/github/oshi/oshi-core/6.9.0/oshi-core-6.9.0.jar
Unpacking com/google/code/gson/gson/2.14.0/gson-2.14.0.jar (libraries:com.google.code.gson:gson:2.14.0) to libraries/com/google/code/gson/gson/2.14.0/gson-2.14.0.jar
Unpacking com/google/guava/failureaccess/1.0.3/failureaccess-1.0.3.jar (libraries:com.google.guava:failureaccess:1.0.3) to libraries/com/google/guava/failureaccess/1.0.3/failureaccess-1.0.3.jar
Unpacking com/google/guava/guava/33.6.0-jre/guava-33.6.0-jre.jar (libraries:com.google.guava:guava:33.6.0-jre) to libraries/com/google/guava/guava/33.6.0-jre/guava-33.6.0-jre.jar
Unpacking com/microsoft/azure/msal4j/1.24.1/msal4j-1.24.1.jar (libraries:com.microsoft.azure:msal4j:1.24.1) to libraries/com/microsoft/azure/msal4j/1.24.1/msal4j-1.24.1.jar
Unpacking com/mojang/authlib/10.0.77/authlib-10.0.77.jar (libraries:com.mojang:authlib:10.0.77) to libraries/com/mojang/authlib/10.0.77/authlib-10.0.77.jar
Unpacking com/mojang/brigadier/1.3.11/brigadier-1.3.11.jar (libraries:com.mojang:brigadier:1.3.11) to libraries/com/mojang/brigadier/1.3.11/brigadier-1.3.11.jar
Unpacking com/mojang/datafixerupper/10.0.21/datafixerupper-10.0.21.jar (libraries:com.mojang:datafixerupper:10.0.21) to libraries/com/mojang/datafixerupper/10.0.21/datafixerupper-10.0.21.jar
Unpacking com/mojang/jtracy/1.14.38/jtracy-1.14.38.jar (libraries:com.mojang:jtracy:1.14.38) to libraries/com/mojang/jtracy/1.14.38/jtracy-1.14.38.jar
Unpacking com/mojang/logging/1.7.12/logging-1.7.12.jar (libraries:com.mojang:logging:1.7.12) to libraries/com/mojang/logging/1.7.12/logging-1.7.12.jar
Unpacking commons-io/commons-io/2.20.0/commons-io-2.20.0.jar (libraries:commons-io:commons-io:2.20.0) to libraries/commons-io/commons-io/2.20.0/commons-io-2.20.0.jar
Unpacking io/netty/netty-buffer/4.2.16.Final/netty-buffer-4.2.16.Final.jar (libraries:io.netty:netty-buffer:4.2.16.Final) to libraries/io/netty/netty-buffer/4.2.16.Final/netty-buffer-4.2.16.Final.jar
Unpacking io/netty/netty-codec-base/4.2.16.Final/netty-codec-base-4.2.16.Final.jar (libraries:io.netty:netty-codec-base:4.2.16.Final) to libraries/io/netty/netty-codec-base/4.2.16.Final/netty-codec-base-4.2.16.Final.jar
Unpacking io/netty/netty-codec-compression/4.2.16.Final/netty-codec-compression-4.2.16.Final.jar (libraries:io.netty:netty-codec-compression:4.2.16.Final) to libraries/io/netty/netty-codec-compression/4.2.16.Final/netty-codec-compression-4.2.16.Final.jar
Unpacking io/netty/netty-codec-http/4.2.16.Final/netty-codec-http-4.2.16.Final.jar (libraries:io.netty:netty-codec-http:4.2.16.Final) to libraries/io/netty/netty-codec-http/4.2.16.Final/netty-codec-http-4.2.16.Final.jar
Unpacking io/netty/netty-common/4.2.16.Final/netty-common-4.2.16.Final.jar (libraries:io.netty:netty-common:4.2.16.Final) to libraries/io/netty/netty-common/4.2.16.Final/netty-common-4.2.16.Final.jar
Unpacking io/netty/netty-handler/4.2.16.Final/netty-handler-4.2.16.Final.jar (libraries:io.netty:netty-handler:4.2.16.Final) to libraries/io/netty/netty-handler/4.2.16.Final/netty-handler-4.2.16.Final.jar
Unpacking io/netty/netty-resolver/4.2.16.Final/netty-resolver-4.2.16.Final.jar (libraries:io.netty:netty-resolver:4.2.16.Final) to libraries/io/netty/netty-resolver/4.2.16.Final/netty-resolver-4.2.16.Final.jar
Unpacking io/netty/netty-transport/4.2.16.Final/netty-transport-4.2.16.Final.jar (libraries:io.netty:netty-transport:4.2.16.Final) to libraries/io/netty/netty-transport/4.2.16.Final/netty-transport-4.2.16.Final.jar
Unpacking io/netty/netty-transport-classes-epoll/4.2.16.Final/netty-transport-classes-epoll-4.2.16.Final.jar (libraries:io.netty:netty-transport-classes-epoll:4.2.16.Final) to libraries/io/netty/netty-transport-classes-epoll/4.2.16.Final/netty-transport-classes-epoll-4.2.16.Final.jar
Unpacking io/netty/netty-transport-classes-kqueue/4.2.16.Final/netty-transport-classes-kqueue-4.2.16.Final.jar (libraries:io.netty:netty-transport-classes-kqueue:4.2.16.Final) to libraries/io/netty/netty-transport-classes-kqueue/4.2.16.Final/netty-transport-classes-kqueue-4.2.16.Final.jar
Unpacking io/netty/netty-transport-native-epoll/4.2.16.Final/netty-transport-native-epoll-4.2.16.Final-linux-x86_64.jar (libraries:io.netty:netty-transport-native-epoll:4.2.16.Final:linux-x86_64) to libraries/io/netty/netty-transport-native-epoll/4.2.16.Final/netty-transport-native-epoll-4.2.16.Final-linux-x86_64.jar
Unpacking io/netty/netty-transport-native-epoll/4.2.16.Final/netty-transport-native-epoll-4.2.16.Final-linux-aarch_64.jar (libraries:io.netty:netty-transport-native-epoll:4.2.16.Final:linux-aarch_64) to libraries/io/netty/netty-transport-native-epoll/4.2.16.Final/netty-transport-native-epoll-4.2.16.Final-linux-aarch_64.jar
Unpacking io/netty/netty-transport-native-kqueue/4.2.16.Final/netty-transport-native-kqueue-4.2.16.Final-osx-x86_64.jar (libraries:io.netty:netty-transport-native-kqueue:4.2.16.Final:osx-x86_64) to libraries/io/netty/netty-transport-native-kqueue/4.2.16.Final/netty-transport-native-kqueue-4.2.16.Final-osx-x86_64.jar
Unpacking io/netty/netty-transport-native-kqueue/4.2.16.Final/netty-transport-native-kqueue-4.2.16.Final-osx-aarch_64.jar (libraries:io.netty:netty-transport-native-kqueue:4.2.16.Final:osx-aarch_64) to libraries/io/netty/netty-transport-native-kqueue/4.2.16.Final/netty-transport-native-kqueue-4.2.16.Final-osx-aarch_64.jar
Unpacking io/netty/netty-transport-native-unix-common/4.2.16.Final/netty-transport-native-unix-common-4.2.16.Final.jar (libraries:io.netty:netty-transport-native-unix-common:4.2.16.Final) to libraries/io/netty/netty-transport-native-unix-common/4.2.16.Final/netty-transport-native-unix-common-4.2.16.Final.jar
Unpacking it/unimi/dsi/fastutil/8.5.18/fastutil-8.5.18.jar (libraries:it.unimi.dsi:fastutil:8.5.18) to libraries/it/unimi/dsi/fastutil/8.5.18/fastutil-8.5.18.jar
Unpacking net/java/dev/jna/jna/5.17.0/jna-5.17.0.jar (libraries:net.java.dev.jna:jna:5.17.0) to libraries/net/java/dev/jna/jna/5.17.0/jna-5.17.0.jar
Unpacking net/java/dev/jna/jna-platform/5.17.0/jna-platform-5.17.0.jar (libraries:net.java.dev.jna:jna-platform:5.17.0) to libraries/net/java/dev/jna/jna-platform/5.17.0/jna-platform-5.17.0.jar
Unpacking net/sf/jopt-simple/jopt-simple/5.0.4/jopt-simple-5.0.4.jar (libraries:net.sf.jopt-simple:jopt-simple:5.0.4) to libraries/net/sf/jopt-simple/jopt-simple/5.0.4/jopt-simple-5.0.4.jar
Unpacking org/apache/commons/commons-lang3/3.20.0/commons-lang3-3.20.0.jar (libraries:org.apache.commons:commons-lang3:3.20.0) to libraries/org/apache/commons/commons-lang3/3.20.0/commons-lang3-3.20.0.jar
Unpacking org/apache/logging/log4j/log4j-api/2.26.0/log4j-api-2.26.0.jar (libraries:org.apache.logging.log4j:log4j-api:2.26.0) to libraries/org/apache/logging/log4j/log4j-api/2.26.0/log4j-api-2.26.0.jar
Unpacking org/apache/logging/log4j/log4j-core/2.26.0/log4j-core-2.26.0.jar (libraries:org.apache.logging.log4j:log4j-core:2.26.0) to libraries/org/apache/logging/log4j/log4j-core/2.26.0/log4j-core-2.26.0.jar
Unpacking org/apache/logging/log4j/log4j-slf4j2-impl/2.26.0/log4j-slf4j2-impl-2.26.0.jar (libraries:org.apache.logging.log4j:log4j-slf4j2-impl:2.26.0) to libraries/org/apache/logging/log4j/log4j-slf4j2-impl/2.26.0/log4j-slf4j2-impl-2.26.0.jar
Unpacking org/joml/joml/1.10.9/joml-1.10.9.jar (libraries:org.joml:joml:1.10.9) to libraries/org/joml/joml/1.10.9/joml-1.10.9.jar
Unpacking org/jspecify/jspecify/1.0.0/jspecify-1.0.0.jar (libraries:org.jspecify:jspecify:1.0.0) to libraries/org/jspecify/jspecify/1.0.0/jspecify-1.0.0.jar
Unpacking org/slf4j/slf4j-api/2.0.17/slf4j-api-2.0.17.jar (libraries:org.slf4j:slf4j-api:2.0.17) to libraries/org/slf4j/slf4j-api/2.0.17/slf4j-api-2.0.17.jar
Starting net.fabricmc.loader.impl.game.minecraft.BundlerClassPathCapture
[22:09:11] [main/INFO]: Loading Minecraft 26.3 with Fabric Loader 0.19.5
[22:09:11] [main/INFO]: Mappings not present!
[22:09:11] [main/WARN]: Warnings were found!
 - Mod 'Mielon's The Sift' (the_sift) 1.1.2 recommends version 4.13.0 or later of lambdynlights, which is missing!
	 - You should install version 4.13.0 or later of lambdynlights for the optimal experience.
[22:09:11] [main/INFO]: Loading 116 mods:
	- architectury 22.0.3
	- c2me 0.4.2-alpha.0.89+26.3
	   |-- c2me-base 0.4.2-alpha.0.89+26.3
	   |-- c2me-fixes-chunkio-threading-issues 0.4.2-alpha.0.89+26.3
	   |-- c2me-fixes-general-threading-issues 0.4.2-alpha.0.89+26.3
	   |-- c2me-fixes-worldgen-threading-issues 0.4.2-alpha.0.89+26.3
	   |-- c2me-fixes-worldgen-vanilla-bugs 0.4.2-alpha.0.89+26.3
	   |-- c2me-notickvd 0.4.2-alpha.0.89+26.3
	   |-- c2me-opts-allocs 0.4.2-alpha.0.89+26.3
	   |-- c2me-opts-chunkio 0.4.2-alpha.0.89+26.3
	   |-- c2me-opts-math 0.4.2-alpha.0.89+26.3
	   |-- c2me-opts-natives-math 0.4.2-alpha.0.89+26.3
	   |-- c2me-opts-scheduling 0.4.2-alpha.0.89+26.3
	   |-- c2me-opts-worldgen-general 0.4.2-alpha.0.89+26.3
	   |-- c2me-opts-worldgen-vanilla 0.4.2-alpha.0.89+26.3
	   |-- c2me-rewrites-chunk-serializer 0.4.2-alpha.0.89+26.3
	   |-- c2me-rewrites-chunk-system 0.4.2-alpha.0.89+26.3
	   |-- c2me-rewrites-chunkio 0.4.2-alpha.0.89+26.3
	   |-- c2me-server-utils 0.4.2-alpha.0.89+26.3
	   |-- c2me-threading-lighting 0.4.2-alpha.0.89+26.3
	   |-- com_github_ben-manes_caffeine_caffeine 3.2.1
	   |-- com_ibm_async_asyncutil 0.1.0
	   |-- io_reactivex_rxjava3_rxjava 3.1.12
	   |-- mixinsquared 0.3.7-beta.1
	   |-- net_objecthunter_exp4j 0.4.8
	   |-- org_jctools_jctools-core 4.0.5
	   \-- org_reactivestreams_reactive-streams 1.0.4
	- cgs 1.4.9+26.3
	- cloth-config 26.3.159
	   \-- cloth-basic-math 0.6.1
	- create 6.0.9-1
	- create_hypertube 0.6.0+26.3
	- createdieselgenerators 1.3.15+26.3
	- createnuclear 1.3.2-beta.3+26.3
	- entityculling 1.11.2
	   |-- transition 1.0.25
	   \-- trender 1.0.17
	- fabric-api 0.161.0+26.3
	   |-- fabric-advancement-api-v1 1.0.0+38c7a2d55d
	   |-- fabric-api-base 2.0.6+fcdff87f5d
	   |-- fabric-api-lookup-api-v1 2.0.24+3434d6d95d
	   |-- fabric-biome-api-v1 20.0.9+74ed1ea55d
	   |-- fabric-block-api-v1 3.1.0+0ae6f9115d
	   |-- fabric-block-getter-api-v2 2.0.9+3434d6d95d
	   |-- fabric-command-api-v2 3.1.2+fcdff87f5d
	   |-- fabric-content-registries-v0 15.0.4+74ed1ea55d
	   |-- fabric-convention-tags-v2 4.10.3+6b5b47fd5d
	   |-- fabric-crash-report-info-v1 1.0.7+fcdff87f5d
	   |-- fabric-creative-tab-api-v1 5.0.21+fcdff87f5d
	   |-- fabric-data-attachment-api-v1 2.2.30+3434d6d95d
	   |-- fabric-data-generation-api-v1 27.2.4+427eab975d
	   |-- fabric-debug-api-v1 1.0.4+3434d6d95d
	   |-- fabric-dimensions-v1 5.1.19+47f74c985d
	   |-- fabric-entity-events-v1 6.0.4+3434d6d95d
	   |-- fabric-events-interaction-v0 5.3.6+3434d6d95d
	   |-- fabric-game-rule-api-v1 4.0.10+3434d6d95d
	   |-- fabric-item-api-v1 14.7.0+cf6bc2db5d
	   |-- fabric-lifecycle-events-v1 4.1.9+ffef5f675d
	   |-- fabric-loot-api-v3 4.0.8+4068fd645d
	   |-- fabric-menu-api-v1 2.0.27+ed66f0a35d
	   |-- fabric-message-api-v1 7.0.10+3434d6d95d
	   |-- fabric-networking-api-v1 6.3.8+fcdff87f5d
	   |-- fabric-object-builder-api-v1 24.1.9+3434d6d95d
	   |-- fabric-particles-v1 5.0.24+3434d6d95d
	   |-- fabric-permission-api-v1 1.0.8+fcdff87f5d
	   |-- fabric-recipe-api-v1 10.0.8+fcdff87f5d
	   |-- fabric-registry-sync-v0 8.0.1+fcdff87f5d
	   |-- fabric-rendering-fluids-v1 6.0.6+3434d6d95d
	   |-- fabric-resource-conditions-api-v1 6.1.5+3434d6d95d
	   |-- fabric-resource-loader-v0 3.3.26+4fc5413f5d
	   |-- fabric-resource-loader-v1 3.0.4+fcdff87f5d
	   |-- fabric-serialization-api-v1 2.0.7+74ed1ea55d
	   |-- fabric-tag-api-v1 2.1.10+fcdff87f5d
	   |-- fabric-transfer-api-v1 8.0.25+fcdff87f5d
	   \-- fabric-transitive-access-wideners-v1 8.1.16+52268a0e5d
	- fabric-language-kotlin 1.14.1+kotlin.2.4.20
	   |-- org_jetbrains_kotlin_kotlin-reflect 2.4.20
	   |-- org_jetbrains_kotlin_kotlin-stdlib 2.4.20
	   |-- org_jetbrains_kotlin_kotlin-stdlib-jdk7 2.4.20
	   |-- org_jetbrains_kotlin_kotlin-stdlib-jdk8 2.4.20
	   |-- org_jetbrains_kotlinx_atomicfu-jvm 0.33.0
	   |-- org_jetbrains_kotlinx_kotlinx-coroutines-core-jvm 1.11.0
	   |-- org_jetbrains_kotlinx_kotlinx-coroutines-jdk8 1.11.0
	   |-- org_jetbrains_kotlinx_kotlinx-datetime-jvm 0.8.0
	   |-- org_jetbrains_kotlinx_kotlinx-io-bytestring-jvm 0.9.1
	   |-- org_jetbrains_kotlinx_kotlinx-io-core-jvm 0.9.1
	   |-- org_jetbrains_kotlinx_kotlinx-serialization-cbor-jvm 1.11.0
	   |-- org_jetbrains_kotlinx_kotlinx-serialization-core-jvm 1.11.0
	   \-- org_jetbrains_kotlinx_kotlinx-serialization-json-jvm 1.11.0
	- fabricloader 0.19.5
	   \-- mixinextras 0.5.5
	- farmersdelight 26.3-3.6.27+refabricated
	- ferritecore 9.0.0
	- forgeconfigapiport 26.3.1
	   |-- com_electronwill_night-config_core 3.8.4
	   \-- com_electronwill_night-config_toml 3.8.4
	- fzzy_config 0.7.7+26.3
	   |-- blue_endless_jankson 1.2.3
	   |-- fabric-permissions-api-v0 0.7.0
	   \-- net_peanuuutz_tomlkt_tomlkt-jvm 0.3.7
	- geckolib 5.5.7
	- java 25
	- krypton 0.3.2
	   \-- com_velocitypowered_velocity-native 3.4.0-SNAPSHOT
	- lithium 0.26.2+mc26.3
	- midnightlib 1.9.3
	- minecraft 26.3
	- ntgl 3.1.8+26.3
	- packtest_debug 1.0.0
	- placeholder-api 3.2.0+26.3
	- puzzleslib 26.3.9
	- respawninganimals 26.3.0
	- smooth_steps 1.2.1
	- terrain_slabs 3.3.6
	- the_sift 1.1.2
	- untitledduckmod 1.8.0
[22:09:11] [main/INFO]: SpongePowered MIXIN Subsystem Version=0.8.7 Source=file:/tmp/work/nperfm-no-features/libraries/net/fabricmc/sponge-mixin/0.17.4+mixin.0.8.7/sponge-mixin-0.17.4+mixin.0.8.7.jar Service=Knot/Fabric Env=SERVER
[22:09:11] [main/INFO]: Initializing com.ishland.c2me.base.mixin
[22:09:11] [main/INFO]: Updating config from 0 to 1
[22:09:11] [main/INFO]: Updating config from 1 to 2
[22:09:11] [main/INFO]: Updating config from 2 to 3
[22:09:12] [main/INFO]: CPU name: AMD EPYC 9V45 96-Core Processor
[22:09:12] [main/INFO]: Detected 2 available physical CPUs, 4 available logical CPUs
[22:09:12] [main/INFO]: Detected 2 available physical CPUs, 4 available logical CPUs
[22:09:12] [main/INFO]: Global Executor Parallelism: 2 configured, 2 evaluated, 2 default evaluated
[22:09:12] [main/INFO]: Initializing com.ishland.c2me.fixes.chunkio.threading_issues.mixin
[22:09:12] [main/INFO]: Initializing com.ishland.c2me.fixes.general.threading_issues.mixin
[22:09:12] [main/INFO]: Initializing com.ishland.c2me.fixes.worldgen.threading_issues.mixin
[22:09:12] [main/INFO]: Initializing com.ishland.c2me.fixes.worldgen.vanilla_bugs.mixin
[22:09:12] [main/INFO]: Initializing com.ishland.c2me.notickvd.mixin
[22:09:12] [main/INFO]: Initializing com.ishland.c2me.opts.allocs.mixin
[22:09:12] [main/INFO]: Initializing com.ishland.c2me.opts.chunkio.mixin
[22:09:12] [main/INFO]: Initializing com.ishland.c2me.opts.math.mixin
[22:09:12] [main/INFO]: Initializing com.ishland.c2me.opts.natives_math.mixin
[22:09:12] [main/INFO]: Attempting to call native library. If your game crashes right after this point, native acceleration may not be available for your system.
[22:09:12] [main/INFO]: Detected maximum supported ISA target: ICL_AVX512
[22:09:12] [main/INFO]: Initializing com.ishland.c2me.opts.scheduling.mixin
[22:09:12] [main/INFO]: Initializing com.ishland.c2me.opts.worldgen.general.mixin
[22:09:12] [main/INFO]: Initializing com.ishland.c2me.opts.worldgen.vanilla.mixin
[22:09:12] [main/INFO]: Initializing com.ishland.c2me.rewrites.chunk_serializer.mixin
[22:09:12] [main/INFO]: Disabling config ioSystem.gcFreeChunkSerializer: Incompatible with architectury@22.0.3 (*) (defined in c2me)
[22:09:12] [main/INFO]: Disabling com.ishland.c2me.rewrites.chunk_serializer.mixin
[22:09:12] [main/INFO]: Initializing com.ishland.c2me.rewrites.chunksystem.mixin
[22:09:12] [main/INFO]: Initializing com.ishland.c2me.rewrites.chunkio.mixin
[22:09:12] [main/INFO]: Initializing com.ishland.c2me.server.utils.mixin
[22:09:12] [main/INFO]: Initializing com.ishland.c2me.threading.lighting.mixin
[22:09:12] [main/WARN]: Reference map 'entityculling.refmap.mixins.json' for entityculling.mixins.json could not be read. If this is a development environment you can ignore this message
[22:09:12] [main/INFO]: Loaded configuration file for Lithium: 170 options available, 0 override(s) found.
[22:09:12] [main/WARN]: Error loading class: ca/spottedleaf/starlight/common/integration/v0/ChunkSystemHooks (java.lang.ClassNotFoundException: ca/spottedleaf/starlight/common/integration/v0/ChunkSystemHooks)
[22:09:12] [main/WARN]: @Mixin target ca/spottedleaf/starlight/common/integration/v0/ChunkSystemHooks was not found c2me-rewrites-chunk-system.mixins.json:scalablelux.MixinChunkSystemHooks from mod c2me-rewrites-chunk-system
[22:09:12] [main/WARN]: Error loading class: ca/spottedleaf/starlight/common/thread/SchedulingUtil (java.lang.ClassNotFoundException: ca/spottedleaf/starlight/common/thread/SchedulingUtil)
[22:09:12] [main/WARN]: Error loading class: net/minecraft/client/gui/screens/recipebook/GhostSlots (java.lang.ClassNotFoundException: net/minecraft/client/gui/screens/recipebook/GhostSlots)
[22:09:12] [main/WARN]: @Mixin target net.minecraft.client.gui.screens.recipebook.GhostSlots was not found farmersdelight.mixins.json:refabricated.GhostSlotsInvoker from mod farmersdelight
[22:09:12] [main/WARN]: Error loading class: net/minecraft/client/gui/GuiGraphicsExtractor (java.lang.ClassNotFoundException: net/minecraft/client/gui/GuiGraphicsExtractor)
[22:09:12] [main/WARN]: @Mixin target net.minecraft.client.gui.GuiGraphicsExtractor was not found farmersdelight.mixins.json:refabricated.GuiGraphicsExtractorAccessor from mod farmersdelight
[22:09:13] [main/INFO]: Initializing MixinExtras via com.llamalad7.mixinextras.service.MixinExtrasServiceImpl(version=0.5.5).
WARNING: A terminally deprecated method in sun.misc.Unsafe has been called
WARNING: sun.misc.Unsafe::objectFieldOffset has been called by org.joml.MemUtil$MemUtilUnsafe (file:/tmp/work/nperfm-no-features/libraries/org/joml/joml/1.10.9/joml-1.10.9.jar)
WARNING: Please consider reporting this to the maintainers of class org.joml.MemUtil$MemUtilUnsafe
WARNING: sun.misc.Unsafe::objectFieldOffset will be removed in a future release
[22:09:20] [main/INFO]: [STDERR]: Failed to read config file: /tmp/work/nperfm-no-features/./config/create/server.json
[22:09:20] [main/INFO]: [STDERR]: java.nio.file.NoSuchFileException: ./config/create/server.json
[22:09:20] [main/INFO]: [STDERR]: 	at java.base/sun.nio.fs.UnixException.translateToIOException(UnixException.java:92)
[22:09:20] [main/INFO]: [STDERR]: 	at java.base/sun.nio.fs.UnixException.rethrowAsIOException(UnixException.java:106)
[22:09:20] [main/INFO]: [STDERR]: 	at java.base/sun.nio.fs.UnixException.rethrowAsIOException(UnixException.java:111)
[22:09:20] [main/INFO]: [STDERR]: 	at java.base/sun.nio.fs.UnixFileSystemProvider.newFileChannel(UnixFileSystemProvider.java:213)
[22:09:20] [main/INFO]: [STDERR]: 	at java.base/sun.nio.fs.UnixFileSystemProvider.newByteChannel(UnixFileSystemProvider.java:244)
[22:09:20] [main/INFO]: [STDERR]: 	at java.base/java.nio.file.Files.newByteChannel(Files.java:357)
[22:09:20] [main/INFO]: [STDERR]: 	at java.base/java.nio.file.Files.newByteChannel(Files.java:399)
[22:09:20] [main/INFO]: [STDERR]: 	at java.base/java.nio.file.spi.FileSystemProvider.newInputStream(FileSystemProvider.java:371)
[22:09:20] [main/INFO]: [STDERR]: 	at java.base/java.nio.file.Files.newInputStream(Files.java:154)
[22:09:20] [main/INFO]: [STDERR]: 	at knot//org.apache.commons.io.FileUtils.lambda$readFileToString$14(FileUtils.java:2768)
[22:09:20] [main/INFO]: [STDERR]: 	at knot//org.apache.commons.io.IOUtils.toString(IOUtils.java:3204)
[22:09:20] [main/INFO]: [STDERR]: 	at knot//org.apache.commons.io.IOUtils.toString(IOUtils.java:3179)
[22:09:20] [main/INFO]: [STDERR]: 	at knot//org.apache.commons.io.FileUtils.readFileToString(FileUtils.java:2768)
[22:09:20] [main/INFO]: [STDERR]: 	at knot//com.zurrtum.create.catnip.config.Builder.read(Builder.java:136)
[22:09:20] [main/INFO]: [STDERR]: 	at knot//com.zurrtum.create.catnip.config.Builder.<init>(Builder.java:36)
[22:09:20] [main/INFO]: [STDERR]: 	at knot//com.zurrtum.create.catnip.config.Builder.create(Builder.java:49)
[22:09:20] [main/INFO]: [STDERR]: 	at knot//com.zurrtum.create.catnip.config.Builder.create(Builder.java:44)
[22:09:20] [main/INFO]: [STDERR]: 	at knot//com.zurrtum.create.infrastructure.config.AllConfigs.register(AllConfigs.java:28)
[22:09:20] [main/INFO]: [STDERR]: 	at knot//com.zurrtum.create.Create.onInitialize(Create.java:62)
[22:09:20] [main/INFO]: [STDERR]: 	at net.fabricmc.loader.impl.FabricLoaderImpl.invokeEntrypoints(FabricLoaderImpl.java:409)
[22:09:20] [main/INFO]: [STDERR]: 	at net.fabricmc.loader.impl.game.minecraft.Hooks.startServer(Hooks.java:63)
[22:09:20] [main/INFO]: [STDERR]: 	at knot//net.minecraft.server.Main.main(Main.java:114)
[22:09:20] [main/INFO]: [STDERR]: 	at net.fabricmc.loader.impl.game.minecraft.MinecraftGameProvider.launch(MinecraftGameProvider.java:517)
[22:09:20] [main/INFO]: [STDERR]: 	at net.fabricmc.loader.impl.launch.knot.Knot.launch(Knot.java:72)
[22:09:20] [main/INFO]: [STDERR]: 	at net.fabricmc.loader.impl.launch.knot.KnotServer.main(KnotServer.java:23)
[22:09:20] [main/INFO]: [STDERR]: 	at net.fabricmc.loader.impl.launch.server.FabricServerLauncher.main(FabricServerLauncher.java:69)
[22:09:20] [main/INFO]: [STDERR]: 	at net.fabricmc.installer.ServerLauncher.main(ServerLauncher.java:69)
[22:09:20] [main/INFO]: createnuclear initializing!
[22:09:20] [main/INFO]: Registering mod tags for createnuclear
[22:09:20] [main/INFO]: Registering ModBlocks for createnuclear
[22:09:20] [main/INFO]: Loaded config farmersdelight-common.json
[22:09:21] [main/INFO]: Compression will use libdeflate (Linux x86_64), encryption will use OpenSSL 3.x.x (Linux x86_64)
[22:09:21] [main/INFO]: Constructing components for puzzleslib:common
[22:09:21] [main/INFO]: Constructing components for respawninganimals:common
[22:09:21] [main/INFO]: Dispatching loading event for config respawninganimals-common.toml
[22:09:21] [main/INFO]: Initializing Terrain Slabs mod...
[22:09:21] [main/INFO]: Registering Mod Blocks & Items for terrain_slabs
[22:09:21] [main/INFO]: Registering Mod Blocks & Items for terrain_slabs
[22:09:21] [main/INFO]: The Sift initialized.
[22:09:21] [main/INFO]: Krypton is now accelerating your Minecraft server's networking stack 🚀
[22:09:21] [main/INFO]: Environment: Environment[discoveryUrl=https://discovery.minecraftservices.com/minecraft/client, name=PROD]
[22:09:21] [main/INFO]: Created 13 recipes which will be injected into the game
[22:09:21] [main/INFO]: Found new data pack create:dynamic_data, loading it automatically
[22:09:21] [main/INFO]: Found new data pack file/packtest-probes, loading it automatically
[22:09:21] [main/INFO]: Found new data pack file/the-isles-mods.zip, loading it automatically
[22:09:21] [main/INFO]: Found new data pack file/the-isles.zip, loading it automatically
[22:09:22] [Worker-Main-1/INFO]: No existing world data, creating new world
[22:09:23] [Worker-Main-2/INFO]: Loaded 3522 advancements
[22:09:23] [main/INFO]: Applied 281 biome modifications to 78 of 78 new biomes in 10.67 ms
[22:09:23] [Server thread/INFO]: Starting minecraft server version 26.3
[22:09:23] [Server thread/INFO]: Loading properties
[22:09:23] [Server thread/INFO]: Default game type: CREATIVE
[22:09:23] [Server thread/INFO]: Generating keypair
[22:09:23] [Server thread/INFO]: Starting Minecraft server on *:25565
[22:09:24] [Server thread/WARN]: **** SERVER IS RUNNING IN OFFLINE/INSECURE MODE!
[22:09:24] [Server thread/WARN]: The server will make no attempt to authenticate usernames. Beware.
[22:09:24] [Server thread/WARN]: While this makes the game possible to play without internet access, it also opens up the ability for hackers to connect with any username they choose.
[22:09:24] [Server thread/WARN]: To change this, set "online-mode" to "true" in the server.properties file.
[22:09:24] [Server thread/INFO]: Preparing level "world"
[22:09:24] [Server thread/INFO]: Enforcing safe world random access
[22:09:24] [Server thread/INFO]: Using TheSpeedyObjectFactory without Unsafe
[22:09:24] [Server thread/INFO]: Selecting global world spawn...
[22:09:26] [Server thread/INFO]: Loading 0 persistent chunks...
[22:09:26] [Server thread/INFO]: Preparing spawn area: 100%
[22:09:26] [Server thread/INFO]: Time elapsed: 2652 ms
[22:09:26] [Server thread/INFO]: Done (2.955s)! For help, type "help"
[22:09:26] [Server thread/INFO]: Saving chunks for level 'ServerLevel[world]'/minecraft:overworld
[22:09:27] [Server thread/INFO]: Saving chunks for level 'ServerLevel[world]'/minecraft:the_end
[22:09:27] [Server thread/INFO]: Saving chunks for level 'ServerLevel[world]'/the_sift:the_sift
[22:09:27] [Server thread/INFO]: Saving chunks for level 'ServerLevel[world]'/minecraft:the_nether
[22:09:28] [Server thread/INFO]: [Not Secure] [Server] SECTION start
[22:09:28] [Server thread/INFO]: System chat: Created new objective [pt]
[22:09:29] [Server thread/INFO]: System chat: Game rule max_block_modifications is now set to 100000000
[22:09:29] [Server thread/INFO]: System chat: Game rule max_command_sequence_length is now set to 10000000
[22:09:29] [Server thread/INFO]: System chat: Incorrect argument for command
[22:09:29] [Server thread/INFO]: System chat: gamerule maxCommandChainLength 10000000<--[HERE]
[22:09:29] [Server thread/INFO]: System chat: The game is running normally
[22:09:29] [Server thread/INFO]: System chat: Target tick rate: 20.0 per second.
Average time per tick: 2.4ms (Target: 50.0ms)
[22:09:29] [Server thread/INFO]: System chat: Percentiles: P50: 0.0ms P95: 2.6ms P99: 53.4ms. Sample: 100
[22:10:01] [Server thread/INFO]: System chat: Marked 64 chunks in minecraft:the_nether from [0, 0] to [7, 7] to be force loaded
[22:10:01] [Server thread/WARN]: Can't keep up! Is the server overloaded? Running 18997ms or 379 ticks behind
[22:10:01] [Server thread/INFO]: [Not Secure] [Server] NLOADED gen64
[22:10:12] [Server thread/INFO]: System chat: Marked 9 chunks in minecraft:the_nether from [250, 250] to [252, 252] to be force loaded
[22:10:12] [Server thread/INFO]: [Not Secure] [Server] NLOADED portal9
[22:10:12] [Server thread/INFO]: [Not Secure] [Server] SECTION layers
[22:10:13] [Server thread/INFO]: [Not Secure] [Server] SCAN layer3 minecraft:netherrack
[22:10:14] [Server thread/INFO]: System chat: Successfully filled 430942 block(s)
[22:10:15] [Server thread/INFO]: System chat: Successfully filled 430942 block(s)
[22:10:15] [Server thread/INFO]: [Not Secure] [Server] SCAN layer3 minecraft:lava
[22:10:15] [Server thread/INFO]: System chat: Successfully filled 9055 block(s)
[22:10:15] [Server thread/INFO]: System chat: Successfully filled 9055 block(s)
[22:10:15] [Server thread/INFO]: [Not Secure] [Server] SCAN layer3 minecraft:bedrock
[22:10:15] [Server thread/INFO]: System chat: No blocks were filled
[22:10:15] [Server thread/INFO]: System chat: No blocks were filled
[22:10:15] [Server thread/INFO]: [Not Secure] [Server] SCAN layer3 minecraft:nether_quartz_ore
[22:10:15] [Server thread/INFO]: System chat: No blocks were filled
[22:10:16] [Server thread/INFO]: System chat: No blocks were filled
[22:10:16] [Server thread/INFO]: [Not Secure] [Server] SCAN layer3 minecraft:nether_gold_ore
[22:10:16] [Server thread/INFO]: System chat: No blocks were filled
[22:10:16] [Server thread/INFO]: System chat: No blocks were filled
[22:10:16] [Server thread/INFO]: [Not Secure] [Server] SCAN layer3 minecraft:ancient_debris
[22:10:16] [Server thread/INFO]: System chat: No blocks were filled
[22:10:16] [Server thread/INFO]: System chat: No blocks were filled
[22:10:16] [Server thread/INFO]: [Not Secure] [Server] SCAN layer3 minecraft:glowstone
[22:10:16] [Server thread/INFO]: System chat: No blocks were filled
[22:10:16] [Server thread/INFO]: System chat: No blocks were filled
[22:10:16] [Server thread/INFO]: [Not Secure] [Server] SCAN layer3 minecraft:soul_sand
[22:10:16] [Server thread/INFO]: System chat: No blocks were filled
[22:10:16] [Server thread/INFO]: System chat: No blocks were filled
[22:10:16] [Server thread/INFO]: [Not Secure] [Server] SCAN layer3 minecraft:soul_soil
[22:10:16] [Server thread/INFO]: System chat: No blocks were filled
[22:10:16] [Server thread/INFO]: System chat: No blocks were filled
[22:10:16] [Server thread/INFO]: [Not Secure] [Server] SCAN layer3 minecraft:basalt
[22:10:16] [Server thread/INFO]: System chat: No blocks were filled
[22:10:17] [Server thread/INFO]: System chat: No blocks were filled
[22:10:17] [Server thread/INFO]: [Not Secure] [Server] SCAN layer3 minecraft:blackstone
[22:10:17] [Server thread/INFO]: System chat: No blocks were filled
[22:10:17] [Server thread/INFO]: System chat: No blocks were filled
[22:10:17] [Server thread/INFO]: [Not Secure] [Server] SCAN layer3 minecraft:magma_block
[22:10:17] [Server thread/INFO]: System chat: No blocks were filled
[22:10:17] [Server thread/INFO]: System chat: No blocks were filled
[22:10:17] [Server thread/INFO]: [Not Secure] [Server] SCAN layer3 minecraft:gravel
[22:10:18] [Server thread/INFO]: System chat: No blocks were filled
[22:10:18] [Server thread/INFO]: System chat: No blocks were filled
[22:10:18] [Server thread/INFO]: [Not Secure] [Server] SCAN layer3 minecraft:crimson_nylium
[22:10:18] [Server thread/INFO]: System chat: Successfully filled 11484 block(s)
[22:10:18] [Server thread/INFO]: System chat: Successfully filled 11484 block(s)
[22:10:18] [Server thread/INFO]: [Not Secure] [Server] SCAN layer3 minecraft:warped_nylium
[22:10:18] [Server thread/INFO]: System chat: No blocks were filled
[22:10:19] [Server thread/INFO]: System chat: No blocks were filled
[22:10:19] [Server thread/INFO]: [Not Secure] [Server] SCAN layer3 minecraft:crimson_stem
[22:10:19] [Server thread/INFO]: System chat: No blocks were filled
[22:10:19] [Server thread/INFO]: System chat: No blocks were filled
[22:10:19] [Server thread/INFO]: [Not Secure] [Server] SCAN layer3 minecraft:warped_stem
[22:10:19] [Server thread/INFO]: System chat: No blocks were filled
[22:10:19] [Server thread/INFO]: System chat: No blocks were filled
[22:10:19] [Server thread/INFO]: [Not Secure] [Server] SCAN layer3 minecraft:crimson_roots
[22:10:20] [Server thread/INFO]: System chat: No blocks were filled
[22:10:20] [Server thread/INFO]: System chat: No blocks were filled
[22:10:20] [Server thread/INFO]: [Not Secure] [Server] SCAN layer3 minecraft:nether_sprouts
[22:10:20] [Server thread/INFO]: System chat: No blocks were filled
[22:10:20] [Server thread/INFO]: System chat: No blocks were filled
[22:10:20] [Server thread/INFO]: [Not Secure] [Server] SCAN layer3 #minecraft:air
[22:10:22] [Server thread/INFO]: System chat: Successfully filled 1010690 block(s)
[22:10:23] [Server thread/INFO]: System chat: Successfully filled 1010690 block(s)
[22:10:23] [Server thread/INFO]: [Not Secure] [Server] SCAN layer6 minecraft:netherrack
[22:10:24] [Server thread/INFO]: System chat: Successfully filled 762316 block(s)
[22:10:25] [Server thread/INFO]: System chat: Successfully filled 762316 block(s)
[22:10:25] [Server thread/INFO]: [Not Secure] [Server] SCAN layer6 minecraft:lava
[22:10:25] [Server thread/INFO]: System chat: Successfully filled 2 block(s)
[22:10:25] [Server thread/INFO]: System chat: Successfully filled 2 block(s)
[22:10:25] [Server thread/INFO]: [Not Secure] [Server] SCAN layer6 minecraft:bedrock
[22:10:25] [Server thread/INFO]: System chat: No blocks were filled
[22:10:25] [Server thread/INFO]: System chat: No blocks were filled
[22:10:25] [Server thread/INFO]: [Not Secure] [Server] SCAN layer6 minecraft:nether_quartz_ore
[22:10:25] [Server thread/INFO]: System chat: No blocks were filled
[22:10:25] [Server thread/INFO]: System chat: No blocks were filled
[22:10:25] [Server thread/INFO]: [Not Secure] [Server] SCAN layer6 minecraft:nether_gold_ore
[22:10:25] [Server thread/INFO]: System chat: No blocks were filled
[22:10:25] [Server thread/INFO]: System chat: No blocks were filled
[22:10:25] [Server thread/INFO]: [Not Secure] [Server] SCAN layer6 minecraft:ancient_debris
[22:10:25] [Server thread/INFO]: System chat: No blocks were filled
[22:10:25] [Server thread/INFO]: System chat: No blocks were filled
[22:10:25] [Server thread/INFO]: [Not Secure] [Server] SCAN layer6 minecraft:glowstone
[22:10:25] [Server thread/INFO]: System chat: No blocks were filled
[22:10:25] [Server thread/INFO]: System chat: No blocks were filled
[22:10:25] [Server thread/INFO]: [Not Secure] [Server] SCAN layer6 minecraft:soul_sand
[22:10:25] [Server thread/INFO]: System chat: No blocks were filled
[22:10:25] [Server thread/INFO]: System chat: No blocks were filled
[22:10:25] [Server thread/INFO]: [Not Secure] [Server] SCAN layer6 minecraft:soul_soil
[22:10:26] [Server thread/INFO]: System chat: No blocks were filled
[22:10:26] [Server thread/INFO]: System chat: No blocks were filled
[22:10:26] [Server thread/INFO]: [Not Secure] [Server] SCAN layer6 minecraft:basalt
[22:10:26] [Server thread/INFO]: System chat: Successfully filled 919 block(s)
[22:10:26] [Server thread/INFO]: System chat: Successfully filled 919 block(s)
[22:10:26] [Server thread/INFO]: [Not Secure] [Server] SCAN layer6 minecraft:blackstone
[22:10:26] [Server thread/INFO]: System chat: Successfully filled 304 block(s)
[22:10:26] [Server thread/INFO]: System chat: Successfully filled 304 block(s)
[22:10:26] [Server thread/INFO]: [Not Secure] [Server] SCAN layer6 minecraft:magma_block
[22:10:26] [Server thread/INFO]: System chat: No blocks were filled
[22:10:26] [Server thread/INFO]: System chat: No blocks were filled
[22:10:26] [Server thread/INFO]: [Not Secure] [Server] SCAN layer6 minecraft:gravel
[22:10:26] [Server thread/INFO]: System chat: No blocks were filled
[22:10:26] [Server thread/INFO]: System chat: No blocks were filled
[22:10:26] [Server thread/INFO]: [Not Secure] [Server] SCAN layer6 minecraft:crimson_nylium
[22:10:26] [Server thread/INFO]: System chat: Successfully filled 12924 block(s)
[22:10:26] [Server thread/INFO]: System chat: Successfully filled 12924 block(s)
[22:10:26] [Server thread/WARN]: Can't keep up! Is the server overloaded? Running 5642ms or 112 ticks behind
[22:10:26] [Server thread/INFO]: [Not Secure] [Server] SCAN layer6 minecraft:warped_nylium
[22:10:26] [Server thread/INFO]: System chat: No blocks were filled
[22:10:26] [Server thread/INFO]: System chat: No blocks were filled
[22:10:26] [Server thread/INFO]: [Not Secure] [Server] SCAN layer6 minecraft:crimson_stem
[22:10:27] [Server thread/INFO]: System chat: No blocks were filled
[22:10:27] [Server thread/INFO]: System chat: No blocks were filled
[22:10:27] [Server thread/INFO]: [Not Secure] [Server] SCAN layer6 minecraft:warped_stem
[22:10:27] [Server thread/INFO]: System chat: No blocks were filled
[22:10:27] [Server thread/INFO]: System chat: No blocks were filled
[22:10:27] [Server thread/INFO]: [Not Secure] [Server] SCAN layer6 minecraft:crimson_roots
[22:10:27] [Server thread/INFO]: System chat: No blocks were filled
[22:10:27] [Server thread/INFO]: System chat: No blocks were filled
[22:10:27] [Server thread/INFO]: [Not Secure] [Server] SCAN layer6 minecraft:nether_sprouts
[22:10:28] [Server thread/INFO]: System chat: No blocks were filled
[22:10:28] [Server thread/INFO]: System chat: No blocks were filled
[22:10:28] [Server thread/INFO]: [Not Secure] [Server] SCAN layer6 #minecraft:air
[22:10:28] [Server thread/INFO]: System chat: Successfully filled 515854 block(s)
[22:10:29] [Server thread/INFO]: System chat: Successfully filled 515854 block(s)
[22:10:29] [Server thread/INFO]: System chat: The game is running, but can't keep up with the target tick rate
[22:10:29] [Server thread/INFO]: System chat: Target tick rate: 20.0 per second.
Average time per tick: 72.7ms (Target: 50.0ms)
[22:10:29] [Server thread/INFO]: System chat: Percentiles: P50: 3.9ms P95: 70.0ms P99: 5685.6ms. Sample: 100
[22:10:29] [Server thread/INFO]: [Not Secure] [Server] SECTION end nether-perf
[22:10:29] [Server thread/INFO]: [Not Secure] [Server] CHECK commands done
[22:10:30] [Server thread/INFO]: System chat: Stopping the server
[22:10:31] [Server thread/INFO]: Stopping server
[22:10:31] [Server thread/INFO]: Saving players
[22:10:31] [Server thread/INFO]: Saving worlds
[22:10:31] [Server thread/INFO]: ServerLevel[world]/minecraft:the_nether: waiting for 1997 chunks to unload
[22:10:33] [Server thread/INFO]: Saving chunks for level 'ServerLevel[world]'/minecraft:overworld
[22:10:33] [Server thread/INFO]: Saving chunks for level 'ServerLevel[world]'/minecraft:the_end
[22:10:33] [Server thread/INFO]: Saving chunks for level 'ServerLevel[world]'/the_sift:the_sift
[22:10:33] [Server thread/INFO]: Saving chunks for level 'ServerLevel[world]'/minecraft:the_nether
[22:10:33] [C2ME Storage #3/INFO]: Storage thread Thread[#65,C2ME Storage #3,5,main] stopped
[22:10:33] [C2ME Storage #2/INFO]: Storage thread Thread[#64,C2ME Storage #2,5,main] stopped
[22:10:33] [C2ME Storage #1/INFO]: Storage thread Thread[#63,C2ME Storage #1,5,main] stopped
[22:10:33] [C2ME Storage #6/INFO]: Storage thread Thread[#71,C2ME Storage #6,5,main] stopped
[22:10:33] [C2ME Storage #5/INFO]: Storage thread Thread[#70,C2ME Storage #5,5,main] stopped
[22:10:33] [C2ME Storage #9/INFO]: Storage thread Thread[#74,C2ME Storage #9,5,main] stopped
[22:10:33] [C2ME Storage #8/INFO]: Storage thread Thread[#73,C2ME Storage #8,5,main] stopped
[22:10:33] [C2ME Storage #4/INFO]: Storage thread Thread[#69,C2ME Storage #4,5,main] stopped
[22:10:33] [C2ME Storage #7/INFO]: Storage thread Thread[#72,C2ME Storage #7,5,main] stopped
[22:10:33] [C2ME Storage #12/INFO]: Storage thread Thread[#77,C2ME Storage #12,5,main] stopped
[22:10:33] [C2ME Storage #11/INFO]: Storage thread Thread[#76,C2ME Storage #11,5,main] stopped
[22:10:33] [C2ME Storage #10/INFO]: Storage thread Thread[#75,C2ME Storage #10,5,main] stopped
EXIT 0
