Downloading Minecraft server
Installing Fabric Loader 0.19.5(26.3) on the server
Downloading required files
Downloading library org.ow2.asm:asm:9.10.1
Downloading library org.ow2.asm:asm-analysis:9.10.1
Downloading library org.ow2.asm:asm-commons:9.10.1
Downloading library org.ow2.asm:asm-tree:9.10.1
Downloading library org.ow2.asm:asm-util:9.10.1
Downloading library net.fabricmc:sponge-mixin:0.17.4+mixin.0.8.7
Downloading library net.fabricmc:fabric-loader:0.19.5
Generating server launch JAR
Unpacking 26.3/server-26.3.jar (versions:26.3) to versions/26.3/server-26.3.jar
Unpacking at/yawk/lz4/lz4-java/1.10.1/lz4-java-1.10.1.jar (libraries:at.yawk.lz4:lz4-java:1.10.1) to libraries/at/yawk/lz4/lz4-java/1.10.1/lz4-java-1.10.1.jar
Unpacking com/azure/azure-json/1.4.0/azure-json-1.4.0.jar (libraries:com.azure:azure-json:1.4.0) to libraries/com/azure/azure-json/1.4.0/azure-json-1.4.0.jar
Unpacking com/github/oshi/oshi-core/6.9.0/oshi-core-6.9.0.jar (libraries:com.github.oshi:oshi-core:6.9.0) to libraries/com/github/oshi/oshi-core/6.9.0/oshi-core-6.9.0.jar
Unpacking com/google/code/gson/gson/2.14.0/gson-2.14.0.jar (libraries:com.google.code.gson:gson:2.14.0) to libraries/com/google/code/gson/gson/2.14.0/gson-2.14.0.jar
Unpacking com/google/guava/failureaccess/1.0.3/failureaccess-1.0.3.jar (libraries:com.google.guava:failureaccess:1.0.3) to libraries/com/google/guava/failureaccess/1.0.3/failureaccess-1.0.3.jar
Unpacking com/google/guava/guava/33.6.0-jre/guava-33.6.0-jre.jar (libraries:com.google.guava:guava:33.6.0-jre) to libraries/com/google/guava/guava/33.6.0-jre/guava-33.6.0-jre.jar
Unpacking com/microsoft/azure/msal4j/1.24.1/msal4j-1.24.1.jar (libraries:com.microsoft.azure:msal4j:1.24.1) to libraries/com/microsoft/azure/msal4j/1.24.1/msal4j-1.24.1.jar
Unpacking com/mojang/authlib/10.0.77/authlib-10.0.77.jar (libraries:com.mojang:authlib:10.0.77) to libraries/com/mojang/authlib/10.0.77/authlib-10.0.77.jar
Unpacking com/mojang/brigadier/1.3.11/brigadier-1.3.11.jar (libraries:com.mojang:brigadier:1.3.11) to libraries/com/mojang/brigadier/1.3.11/brigadier-1.3.11.jar
Unpacking com/mojang/datafixerupper/10.0.21/datafixerupper-10.0.21.jar (libraries:com.mojang:datafixerupper:10.0.21) to libraries/com/mojang/datafixerupper/10.0.21/datafixerupper-10.0.21.jar
Unpacking com/mojang/jtracy/1.14.38/jtracy-1.14.38.jar (libraries:com.mojang:jtracy:1.14.38) to libraries/com/mojang/jtracy/1.14.38/jtracy-1.14.38.jar
Unpacking com/mojang/logging/1.7.12/logging-1.7.12.jar (libraries:com.mojang:logging:1.7.12) to libraries/com/mojang/logging/1.7.12/logging-1.7.12.jar
Unpacking commons-io/commons-io/2.20.0/commons-io-2.20.0.jar (libraries:commons-io:commons-io:2.20.0) to libraries/commons-io/commons-io/2.20.0/commons-io-2.20.0.jar
Unpacking io/netty/netty-buffer/4.2.16.Final/netty-buffer-4.2.16.Final.jar (libraries:io.netty:netty-buffer:4.2.16.Final) to libraries/io/netty/netty-buffer/4.2.16.Final/netty-buffer-4.2.16.Final.jar
Unpacking io/netty/netty-codec-base/4.2.16.Final/netty-codec-base-4.2.16.Final.jar (libraries:io.netty:netty-codec-base:4.2.16.Final) to libraries/io/netty/netty-codec-base/4.2.16.Final/netty-codec-base-4.2.16.Final.jar
Unpacking io/netty/netty-codec-compression/4.2.16.Final/netty-codec-compression-4.2.16.Final.jar (libraries:io.netty:netty-codec-compression:4.2.16.Final) to libraries/io/netty/netty-codec-compression/4.2.16.Final/netty-codec-compression-4.2.16.Final.jar
Unpacking io/netty/netty-codec-http/4.2.16.Final/netty-codec-http-4.2.16.Final.jar (libraries:io.netty:netty-codec-http:4.2.16.Final) to libraries/io/netty/netty-codec-http/4.2.16.Final/netty-codec-http-4.2.16.Final.jar
Unpacking io/netty/netty-common/4.2.16.Final/netty-common-4.2.16.Final.jar (libraries:io.netty:netty-common:4.2.16.Final) to libraries/io/netty/netty-common/4.2.16.Final/netty-common-4.2.16.Final.jar
Unpacking io/netty/netty-handler/4.2.16.Final/netty-handler-4.2.16.Final.jar (libraries:io.netty:netty-handler:4.2.16.Final) to libraries/io/netty/netty-handler/4.2.16.Final/netty-handler-4.2.16.Final.jar
Unpacking io/netty/netty-resolver/4.2.16.Final/netty-resolver-4.2.16.Final.jar (libraries:io.netty:netty-resolver:4.2.16.Final) to libraries/io/netty/netty-resolver/4.2.16.Final/netty-resolver-4.2.16.Final.jar
Unpacking io/netty/netty-transport/4.2.16.Final/netty-transport-4.2.16.Final.jar (libraries:io.netty:netty-transport:4.2.16.Final) to libraries/io/netty/netty-transport/4.2.16.Final/netty-transport-4.2.16.Final.jar
Unpacking io/netty/netty-transport-classes-epoll/4.2.16.Final/netty-transport-classes-epoll-4.2.16.Final.jar (libraries:io.netty:netty-transport-classes-epoll:4.2.16.Final) to libraries/io/netty/netty-transport-classes-epoll/4.2.16.Final/netty-transport-classes-epoll-4.2.16.Final.jar
Unpacking io/netty/netty-transport-classes-kqueue/4.2.16.Final/netty-transport-classes-kqueue-4.2.16.Final.jar (libraries:io.netty:netty-transport-classes-kqueue:4.2.16.Final) to libraries/io/netty/netty-transport-classes-kqueue/4.2.16.Final/netty-transport-classes-kqueue-4.2.16.Final.jar
Unpacking io/netty/netty-transport-native-epoll/4.2.16.Final/netty-transport-native-epoll-4.2.16.Final-linux-x86_64.jar (libraries:io.netty:netty-transport-native-epoll:4.2.16.Final:linux-x86_64) to libraries/io/netty/netty-transport-native-epoll/4.2.16.Final/netty-transport-native-epoll-4.2.16.Final-linux-x86_64.jar
Unpacking io/netty/netty-transport-native-epoll/4.2.16.Final/netty-transport-native-epoll-4.2.16.Final-linux-aarch_64.jar (libraries:io.netty:netty-transport-native-epoll:4.2.16.Final:linux-aarch_64) to libraries/io/netty/netty-transport-native-epoll/4.2.16.Final/netty-transport-native-epoll-4.2.16.Final-linux-aarch_64.jar
Unpacking io/netty/netty-transport-native-kqueue/4.2.16.Final/netty-transport-native-kqueue-4.2.16.Final-osx-x86_64.jar (libraries:io.netty:netty-transport-native-kqueue:4.2.16.Final:osx-x86_64) to libraries/io/netty/netty-transport-native-kqueue/4.2.16.Final/netty-transport-native-kqueue-4.2.16.Final-osx-x86_64.jar
Unpacking io/netty/netty-transport-native-kqueue/4.2.16.Final/netty-transport-native-kqueue-4.2.16.Final-osx-aarch_64.jar (libraries:io.netty:netty-transport-native-kqueue:4.2.16.Final:osx-aarch_64) to libraries/io/netty/netty-transport-native-kqueue/4.2.16.Final/netty-transport-native-kqueue-4.2.16.Final-osx-aarch_64.jar
Unpacking io/netty/netty-transport-native-unix-common/4.2.16.Final/netty-transport-native-unix-common-4.2.16.Final.jar (libraries:io.netty:netty-transport-native-unix-common:4.2.16.Final) to libraries/io/netty/netty-transport-native-unix-common/4.2.16.Final/netty-transport-native-unix-common-4.2.16.Final.jar
Unpacking it/unimi/dsi/fastutil/8.5.18/fastutil-8.5.18.jar (libraries:it.unimi.dsi:fastutil:8.5.18) to libraries/it/unimi/dsi/fastutil/8.5.18/fastutil-8.5.18.jar
Unpacking net/java/dev/jna/jna/5.17.0/jna-5.17.0.jar (libraries:net.java.dev.jna:jna:5.17.0) to libraries/net/java/dev/jna/jna/5.17.0/jna-5.17.0.jar
Unpacking net/java/dev/jna/jna-platform/5.17.0/jna-platform-5.17.0.jar (libraries:net.java.dev.jna:jna-platform:5.17.0) to libraries/net/java/dev/jna/jna-platform/5.17.0/jna-platform-5.17.0.jar
Unpacking net/sf/jopt-simple/jopt-simple/5.0.4/jopt-simple-5.0.4.jar (libraries:net.sf.jopt-simple:jopt-simple:5.0.4) to libraries/net/sf/jopt-simple/jopt-simple/5.0.4/jopt-simple-5.0.4.jar
Unpacking org/apache/commons/commons-lang3/3.20.0/commons-lang3-3.20.0.jar (libraries:org.apache.commons:commons-lang3:3.20.0) to libraries/org/apache/commons/commons-lang3/3.20.0/commons-lang3-3.20.0.jar
Unpacking org/apache/logging/log4j/log4j-api/2.26.0/log4j-api-2.26.0.jar (libraries:org.apache.logging.log4j:log4j-api:2.26.0) to libraries/org/apache/logging/log4j/log4j-api/2.26.0/log4j-api-2.26.0.jar
Unpacking org/apache/logging/log4j/log4j-core/2.26.0/log4j-core-2.26.0.jar (libraries:org.apache.logging.log4j:log4j-core:2.26.0) to libraries/org/apache/logging/log4j/log4j-core/2.26.0/log4j-core-2.26.0.jar
Unpacking org/apache/logging/log4j/log4j-slf4j2-impl/2.26.0/log4j-slf4j2-impl-2.26.0.jar (libraries:org.apache.logging.log4j:log4j-slf4j2-impl:2.26.0) to libraries/org/apache/logging/log4j/log4j-slf4j2-impl/2.26.0/log4j-slf4j2-impl-2.26.0.jar
Unpacking org/joml/joml/1.10.9/joml-1.10.9.jar (libraries:org.joml:joml:1.10.9) to libraries/org/joml/joml/1.10.9/joml-1.10.9.jar
Unpacking org/jspecify/jspecify/1.0.0/jspecify-1.0.0.jar (libraries:org.jspecify:jspecify:1.0.0) to libraries/org/jspecify/jspecify/1.0.0/jspecify-1.0.0.jar
Unpacking org/slf4j/slf4j-api/2.0.17/slf4j-api-2.0.17.jar (libraries:org.slf4j:slf4j-api:2.0.17) to libraries/org/slf4j/slf4j-api/2.0.17/slf4j-api-2.0.17.jar
Starting net.fabricmc.loader.impl.game.minecraft.BundlerClassPathCapture
[22:16:03] [main/INFO]: Loading Minecraft 26.3 with Fabric Loader 0.19.5
[22:16:03] [main/INFO]: Mappings not present!
[22:16:03] [main/INFO]: Loading 43 mods:
	- fabric-api 0.161.0+26.3
	   |-- fabric-advancement-api-v1 1.0.0+38c7a2d55d
	   |-- fabric-api-base 2.0.6+fcdff87f5d
	   |-- fabric-api-lookup-api-v1 2.0.24+3434d6d95d
	   |-- fabric-biome-api-v1 20.0.9+74ed1ea55d
	   |-- fabric-block-api-v1 3.1.0+0ae6f9115d
	   |-- fabric-block-getter-api-v2 2.0.9+3434d6d95d
	   |-- fabric-command-api-v2 3.1.2+fcdff87f5d
	   |-- fabric-content-registries-v0 15.0.4+74ed1ea55d
	   |-- fabric-convention-tags-v2 4.10.3+6b5b47fd5d
	   |-- fabric-crash-report-info-v1 1.0.7+fcdff87f5d
	   |-- fabric-creative-tab-api-v1 5.0.21+fcdff87f5d
	   |-- fabric-data-attachment-api-v1 2.2.30+3434d6d95d
	   |-- fabric-data-generation-api-v1 27.2.4+427eab975d
	   |-- fabric-debug-api-v1 1.0.4+3434d6d95d
	   |-- fabric-dimensions-v1 5.1.19+47f74c985d
	   |-- fabric-entity-events-v1 6.0.4+3434d6d95d
	   |-- fabric-events-interaction-v0 5.3.6+3434d6d95d
	   |-- fabric-game-rule-api-v1 4.0.10+3434d6d95d
	   |-- fabric-item-api-v1 14.7.0+cf6bc2db5d
	   |-- fabric-lifecycle-events-v1 4.1.9+ffef5f675d
	   |-- fabric-loot-api-v3 4.0.8+4068fd645d
	   |-- fabric-menu-api-v1 2.0.27+ed66f0a35d
	   |-- fabric-message-api-v1 7.0.10+3434d6d95d
	   |-- fabric-networking-api-v1 6.3.8+fcdff87f5d
	   |-- fabric-object-builder-api-v1 24.1.9+3434d6d95d
	   |-- fabric-particles-v1 5.0.24+3434d6d95d
	   |-- fabric-permission-api-v1 1.0.8+fcdff87f5d
	   |-- fabric-recipe-api-v1 10.0.8+fcdff87f5d
	   |-- fabric-registry-sync-v0 8.0.1+fcdff87f5d
	   |-- fabric-rendering-fluids-v1 6.0.6+3434d6d95d
	   |-- fabric-resource-conditions-api-v1 6.1.5+3434d6d95d
	   |-- fabric-resource-loader-v0 3.3.26+4fc5413f5d
	   |-- fabric-resource-loader-v1 3.0.4+fcdff87f5d
	   |-- fabric-serialization-api-v1 2.0.7+74ed1ea55d
	   |-- fabric-tag-api-v1 2.1.10+fcdff87f5d
	   |-- fabric-transfer-api-v1 8.0.25+fcdff87f5d
	   \-- fabric-transitive-access-wideners-v1 8.1.16+52268a0e5d
	- fabricloader 0.19.5
	   \-- mixinextras 0.5.5
	- java 25
	- minecraft 26.3
	- packtest_debug 1.0.0
[22:16:04] [main/INFO]: SpongePowered MIXIN Subsystem Version=0.8.7 Source=file:/tmp/work/nperf-no-features/libraries/net/fabricmc/sponge-mixin/0.17.4+mixin.0.8.7/sponge-mixin-0.17.4+mixin.0.8.7.jar Service=Knot/Fabric Env=SERVER
[22:16:04] [main/INFO]: Initializing MixinExtras via com.llamalad7.mixinextras.service.MixinExtrasServiceImpl(version=0.5.5).
WARNING: A terminally deprecated method in sun.misc.Unsafe has been called
WARNING: sun.misc.Unsafe::objectFieldOffset has been called by org.joml.MemUtil$MemUtilUnsafe (file:/tmp/work/nperf-no-features/libraries/org/joml/joml/1.10.9/joml-1.10.9.jar)
WARNING: Please consider reporting this to the maintainers of class org.joml.MemUtil$MemUtilUnsafe
WARNING: sun.misc.Unsafe::objectFieldOffset will be removed in a future release
[22:16:11] [main/INFO]: Environment: Environment[discoveryUrl=https://discovery.minecraftservices.com/minecraft/client, name=PROD]
[22:16:11] [main/INFO]: Found new data pack file/packtest-probes, loading it automatically
[22:16:11] [main/INFO]: Found new data pack file/the-isles.zip, loading it automatically
[22:16:12] [Worker-Main-2/INFO]: No existing world data, creating new world
[22:16:13] [Worker-Main-3/INFO]: Loaded 1866 advancements
[22:16:13] [main/INFO]: Applied 0 biome modifications to 0 of 68 new biomes in 1.338 ms
[22:16:13] [Server thread/INFO]: Starting minecraft server version 26.3
[22:16:13] [Server thread/INFO]: Loading properties
[22:16:13] [Server thread/INFO]: Default game type: CREATIVE
[22:16:13] [Server thread/INFO]: Generating keypair
[22:16:13] [Server thread/INFO]: Starting Minecraft server on *:25565
[22:16:13] [Server thread/WARN]: **** SERVER IS RUNNING IN OFFLINE/INSECURE MODE!
[22:16:13] [Server thread/WARN]: The server will make no attempt to authenticate usernames. Beware.
[22:16:13] [Server thread/WARN]: While this makes the game possible to play without internet access, it also opens up the ability for hackers to connect with any username they choose.
[22:16:13] [Server thread/WARN]: To change this, set "online-mode" to "true" in the server.properties file.
[22:16:13] [Server thread/INFO]: Preparing level "world"
[22:16:14] [Server thread/INFO]: Selecting global world spawn...
[22:16:17] [Server thread/INFO]: Loading 0 persistent chunks...
[22:16:17] [Server thread/INFO]: Preparing spawn area: 100%
[22:16:17] [Server thread/INFO]: Time elapsed: 3397 ms
[22:16:17] [Server thread/INFO]: Done (3.586s)! For help, type "help"
[22:16:17] [Server thread/INFO]: Saving chunks for level 'ServerLevel[world]'/minecraft:overworld
[22:16:17] [Server thread/INFO]: Saving chunks for level 'ServerLevel[world]'/minecraft:the_end
[22:16:17] [Server thread/INFO]: Saving chunks for level 'ServerLevel[world]'/minecraft:the_nether
[22:16:20] [Server thread/INFO]: [Not Secure] [Server] SECTION start
[22:16:21] [Server thread/INFO]: System chat: Created new objective [pt]
[22:16:21] [Server thread/INFO]: System chat: Game rule max_block_modifications is now set to 100000000
[22:16:21] [Server thread/INFO]: System chat: Game rule max_command_sequence_length is now set to 10000000
[22:16:21] [Server thread/INFO]: System chat: Incorrect argument for command
[22:16:21] [Server thread/INFO]: System chat: gamerule maxCommandChainLength 10000000<--[HERE]
[22:16:21] [Server thread/INFO]: System chat: The game is running normally
[22:16:21] [Server thread/INFO]: System chat: Target tick rate: 20.0 per second.
Average time per tick: 6.2ms (Target: 50.0ms)
[22:16:21] [Server thread/INFO]: System chat: Percentiles: P50: 0.4ms P95: 49.7ms P99: 50.1ms. Sample: 100
[22:17:07] [Server thread/INFO]: System chat: Marked 64 chunks in minecraft:the_nether from [0, 0] to [7, 7] to be force loaded
[22:17:07] [Server thread/WARN]: Can't keep up! Is the server overloaded? Running 32921ms or 658 ticks behind
[22:17:12] [Server thread/INFO]: [Not Secure] [Server] NLOADED gen64
[22:17:27] [Server thread/INFO]: System chat: Marked 9 chunks in minecraft:the_nether from [250, 250] to [252, 252] to be force loaded
[22:17:27] [Server thread/WARN]: Can't keep up! Is the server overloaded? Running 5516ms or 110 ticks behind
[22:17:33] [Server thread/INFO]: [Not Secure] [Server] NLOADED portal9
[22:17:33] [Server thread/INFO]: [Not Secure] [Server] SECTION layers
[22:17:33] [Server thread/INFO]: [Not Secure] [Server] SCAN layer3 minecraft:netherrack
[22:17:35] [Server thread/INFO]: System chat: Successfully filled 429157 block(s)
[22:17:36] [Server thread/INFO]: System chat: Successfully filled 429157 block(s)
[22:17:36] [Server thread/INFO]: [Not Secure] [Server] SCAN layer3 minecraft:lava
[22:17:36] [Server thread/INFO]: System chat: Successfully filled 9061 block(s)
[22:17:36] [Server thread/INFO]: System chat: Successfully filled 9061 block(s)
[22:17:36] [Server thread/INFO]: [Not Secure] [Server] SCAN layer3 minecraft:bedrock
[22:17:36] [Server thread/INFO]: System chat: No blocks were filled
[22:17:36] [Server thread/INFO]: System chat: No blocks were filled
[22:17:36] [Server thread/INFO]: [Not Secure] [Server] SCAN layer3 minecraft:nether_quartz_ore
[22:17:36] [Server thread/INFO]: System chat: No blocks were filled
[22:17:36] [Server thread/INFO]: System chat: No blocks were filled
[22:17:36] [Server thread/INFO]: [Not Secure] [Server] SCAN layer3 minecraft:nether_gold_ore
[22:17:37] [Server thread/INFO]: System chat: No blocks were filled
[22:17:37] [Server thread/INFO]: System chat: No blocks were filled
[22:17:37] [Server thread/INFO]: [Not Secure] [Server] SCAN layer3 minecraft:ancient_debris
[22:17:37] [Server thread/INFO]: System chat: No blocks were filled
[22:17:37] [Server thread/INFO]: System chat: No blocks were filled
[22:17:37] [Server thread/INFO]: [Not Secure] [Server] SCAN layer3 minecraft:glowstone
[22:17:37] [Server thread/INFO]: System chat: No blocks were filled
[22:17:37] [Server thread/INFO]: System chat: No blocks were filled
[22:17:37] [Server thread/INFO]: [Not Secure] [Server] SCAN layer3 minecraft:soul_sand
[22:17:37] [Server thread/INFO]: System chat: No blocks were filled
[22:17:37] [Server thread/INFO]: System chat: No blocks were filled
[22:17:37] [Server thread/INFO]: [Not Secure] [Server] SCAN layer3 minecraft:soul_soil
[22:17:37] [Server thread/INFO]: System chat: No blocks were filled
[22:17:37] [Server thread/INFO]: System chat: No blocks were filled
[22:17:37] [Server thread/INFO]: [Not Secure] [Server] SCAN layer3 minecraft:basalt
[22:17:37] [Server thread/INFO]: System chat: No blocks were filled
[22:17:37] [Server thread/INFO]: System chat: No blocks were filled
[22:17:37] [Server thread/INFO]: [Not Secure] [Server] SCAN layer3 minecraft:blackstone
[22:17:37] [Server thread/INFO]: System chat: No blocks were filled
[22:17:37] [Server thread/INFO]: System chat: No blocks were filled
[22:17:37] [Server thread/INFO]: [Not Secure] [Server] SCAN layer3 minecraft:magma_block
[22:17:37] [Server thread/INFO]: System chat: No blocks were filled
[22:17:38] [Server thread/INFO]: System chat: No blocks were filled
[22:17:38] [Server thread/INFO]: [Not Secure] [Server] SCAN layer3 minecraft:gravel
[22:17:38] [Server thread/INFO]: System chat: No blocks were filled
[22:17:38] [Server thread/INFO]: System chat: No blocks were filled
[22:17:38] [Server thread/INFO]: [Not Secure] [Server] SCAN layer3 minecraft:crimson_nylium
[22:17:38] [Server thread/INFO]: System chat: Successfully filled 18037 block(s)
[22:17:38] [Server thread/INFO]: System chat: Successfully filled 18037 block(s)
[22:17:38] [Server thread/INFO]: [Not Secure] [Server] SCAN layer3 minecraft:warped_nylium
[22:17:38] [Server thread/INFO]: System chat: No blocks were filled
[22:17:39] [Server thread/INFO]: System chat: No blocks were filled
[22:17:39] [Server thread/INFO]: [Not Secure] [Server] SCAN layer3 minecraft:crimson_stem
[22:17:39] [Server thread/INFO]: System chat: No blocks were filled
[22:17:39] [Server thread/INFO]: System chat: No blocks were filled
[22:17:39] [Server thread/INFO]: [Not Secure] [Server] SCAN layer3 minecraft:warped_stem
[22:17:39] [Server thread/INFO]: System chat: No blocks were filled
[22:17:39] [Server thread/INFO]: System chat: No blocks were filled
[22:17:39] [Server thread/INFO]: [Not Secure] [Server] SCAN layer3 minecraft:crimson_roots
[22:17:40] [Server thread/INFO]: System chat: No blocks were filled
[22:17:40] [Server thread/INFO]: System chat: No blocks were filled
[22:17:40] [Server thread/INFO]: [Not Secure] [Server] SCAN layer3 minecraft:nether_sprouts
[22:17:40] [Server thread/INFO]: System chat: No blocks were filled
[22:17:40] [Server thread/INFO]: System chat: No blocks were filled
[22:17:40] [Server thread/INFO]: [Not Secure] [Server] SCAN layer3 #minecraft:air
[22:17:42] [Server thread/INFO]: System chat: Successfully filled 1018264 block(s)
[22:17:43] [Server thread/INFO]: System chat: Successfully filled 1018264 block(s)
[22:17:43] [Server thread/INFO]: [Not Secure] [Server] SCAN layer6 minecraft:netherrack
[22:17:45] [Server thread/INFO]: System chat: Successfully filled 762890 block(s)
[22:17:47] [Server thread/INFO]: System chat: Successfully filled 762890 block(s)
[22:17:47] [Server thread/INFO]: [Not Secure] [Server] SCAN layer6 minecraft:lava
[22:17:47] [Server thread/INFO]: System chat: Successfully filled 2 block(s)
[22:17:47] [Server thread/INFO]: System chat: Successfully filled 2 block(s)
[22:17:47] [Server thread/INFO]: [Not Secure] [Server] SCAN layer6 minecraft:bedrock
[22:17:47] [Server thread/INFO]: System chat: No blocks were filled
[22:17:47] [Server thread/INFO]: System chat: No blocks were filled
[22:17:47] [Server thread/INFO]: [Not Secure] [Server] SCAN layer6 minecraft:nether_quartz_ore
[22:17:47] [Server thread/INFO]: System chat: No blocks were filled
[22:17:47] [Server thread/INFO]: System chat: No blocks were filled
[22:17:47] [Server thread/INFO]: [Not Secure] [Server] SCAN layer6 minecraft:nether_gold_ore
[22:17:47] [Server thread/INFO]: System chat: No blocks were filled
[22:17:47] [Server thread/INFO]: System chat: No blocks were filled
[22:17:47] [Server thread/INFO]: [Not Secure] [Server] SCAN layer6 minecraft:ancient_debris
[22:17:47] [Server thread/INFO]: System chat: No blocks were filled
[22:17:47] [Server thread/INFO]: System chat: No blocks were filled
[22:17:47] [Server thread/INFO]: [Not Secure] [Server] SCAN layer6 minecraft:glowstone
[22:17:48] [Server thread/INFO]: System chat: No blocks were filled
[22:17:48] [Server thread/INFO]: System chat: No blocks were filled
[22:17:48] [Server thread/INFO]: [Not Secure] [Server] SCAN layer6 minecraft:soul_sand
[22:17:48] [Server thread/INFO]: System chat: No blocks were filled
[22:17:48] [Server thread/INFO]: System chat: No blocks were filled
[22:17:48] [Server thread/INFO]: [Not Secure] [Server] SCAN layer6 minecraft:soul_soil
[22:17:48] [Server thread/INFO]: System chat: No blocks were filled
[22:17:48] [Server thread/INFO]: System chat: No blocks were filled
[22:17:48] [Server thread/INFO]: [Not Secure] [Server] SCAN layer6 minecraft:basalt
[22:17:48] [Server thread/INFO]: System chat: Successfully filled 217 block(s)
[22:17:48] [Server thread/INFO]: System chat: Successfully filled 217 block(s)
[22:17:48] [Server thread/INFO]: [Not Secure] [Server] SCAN layer6 minecraft:blackstone
[22:17:48] [Server thread/INFO]: System chat: Successfully filled 150 block(s)
[22:17:48] [Server thread/INFO]: System chat: Successfully filled 150 block(s)
[22:17:48] [Server thread/INFO]: [Not Secure] [Server] SCAN layer6 minecraft:magma_block
[22:17:48] [Server thread/INFO]: System chat: No blocks were filled
[22:17:48] [Server thread/INFO]: System chat: No blocks were filled
[22:17:48] [Server thread/INFO]: [Not Secure] [Server] SCAN layer6 minecraft:gravel
[22:17:48] [Server thread/INFO]: System chat: No blocks were filled
[22:17:48] [Server thread/INFO]: System chat: No blocks were filled
[22:17:48] [Server thread/INFO]: [Not Secure] [Server] SCAN layer6 minecraft:crimson_nylium
[22:17:48] [Server thread/INFO]: System chat: Successfully filled 20882 block(s)
[22:17:49] [Server thread/INFO]: System chat: Successfully filled 20882 block(s)
[22:17:49] [Server thread/INFO]: [Not Secure] [Server] SCAN layer6 minecraft:warped_nylium
[22:17:49] [Server thread/INFO]: System chat: No blocks were filled
[22:17:49] [Server thread/INFO]: System chat: No blocks were filled
[22:17:49] [Server thread/INFO]: [Not Secure] [Server] SCAN layer6 minecraft:crimson_stem
[22:17:49] [Server thread/INFO]: System chat: No blocks were filled
[22:17:49] [Server thread/INFO]: System chat: No blocks were filled
[22:17:49] [Server thread/INFO]: [Not Secure] [Server] SCAN layer6 minecraft:warped_stem
[22:17:49] [Server thread/INFO]: System chat: No blocks were filled
[22:17:49] [Server thread/INFO]: System chat: No blocks were filled
[22:17:49] [Server thread/INFO]: [Not Secure] [Server] SCAN layer6 minecraft:crimson_roots
[22:17:49] [Server thread/INFO]: System chat: No blocks were filled
[22:17:49] [Server thread/INFO]: System chat: No blocks were filled
[22:17:49] [Server thread/INFO]: [Not Secure] [Server] SCAN layer6 minecraft:nether_sprouts
[22:17:49] [Server thread/INFO]: System chat: No blocks were filled
[22:17:49] [Server thread/INFO]: System chat: No blocks were filled
[22:17:49] [Server thread/INFO]: [Not Secure] [Server] SCAN layer6 #minecraft:air
[22:17:50] [Server thread/INFO]: System chat: Successfully filled 524101 block(s)
[22:17:50] [Server thread/INFO]: System chat: Successfully filled 524101 block(s)
[22:17:50] [Server thread/INFO]: System chat: The game is running normally
[22:17:50] [Server thread/INFO]: System chat: Target tick rate: 20.0 per second.
Average time per tick: 11.9ms (Target: 50.0ms)
[22:17:50] [Server thread/INFO]: System chat: Percentiles: P50: 2.6ms P95: 50.8ms P99: 233.1ms. Sample: 100
[22:17:50] [Server thread/INFO]: [Not Secure] [Server] SECTION end nether-perf
[22:17:50] [Server thread/INFO]: [Not Secure] [Server] CHECK commands done
[22:17:50] [Server thread/WARN]: Can't keep up! Is the server overloaded? Running 8058ms or 161 ticks behind
[22:17:50] [Server thread/INFO]: System chat: Stopping the server
[22:17:51] [Server thread/INFO]: Stopping server
[22:17:51] [Server thread/INFO]: Saving players
[22:17:51] [Server thread/INFO]: Saving worlds
[22:17:53] [Server thread/INFO]: Saving chunks for level 'ServerLevel[world]'/minecraft:overworld
[22:17:53] [Server thread/INFO]: Saving chunks for level 'ServerLevel[world]'/minecraft:the_end
[22:17:53] [Server thread/INFO]: Saving chunks for level 'ServerLevel[world]'/minecraft:the_nether
EXIT 0
