Downloading Minecraft server
Installing Fabric Loader 0.19.5(26.3) on the server
Downloading required files
Downloading library org.ow2.asm:asm:9.10.1
Downloading library org.ow2.asm:asm-analysis:9.10.1
Downloading library org.ow2.asm:asm-commons:9.10.1
Downloading library org.ow2.asm:asm-tree:9.10.1
Downloading library org.ow2.asm:asm-util:9.10.1
Downloading library net.fabricmc:sponge-mixin:0.17.4+mixin.0.8.7
Downloading library net.fabricmc:fabric-loader:0.19.5
Generating server launch JAR
Unpacking 26.3/server-26.3.jar (versions:26.3) to versions/26.3/server-26.3.jar
Unpacking at/yawk/lz4/lz4-java/1.10.1/lz4-java-1.10.1.jar (libraries:at.yawk.lz4:lz4-java:1.10.1) to libraries/at/yawk/lz4/lz4-java/1.10.1/lz4-java-1.10.1.jar
Unpacking com/azure/azure-json/1.4.0/azure-json-1.4.0.jar (libraries:com.azure:azure-json:1.4.0) to libraries/com/azure/azure-json/1.4.0/azure-json-1.4.0.jar
Unpacking com/github/oshi/oshi-core/6.9.0/oshi-core-6.9.0.jar (libraries:com.github.oshi:oshi-core:6.9.0) to libraries/com/github/oshi/oshi-core/6.9.0/oshi-core-6.9.0.jar
Unpacking com/google/code/gson/gson/2.14.0/gson-2.14.0.jar (libraries:com.google.code.gson:gson:2.14.0) to libraries/com/google/code/gson/gson/2.14.0/gson-2.14.0.jar
Unpacking com/google/guava/failureaccess/1.0.3/failureaccess-1.0.3.jar (libraries:com.google.guava:failureaccess:1.0.3) to libraries/com/google/guava/failureaccess/1.0.3/failureaccess-1.0.3.jar
Unpacking com/google/guava/guava/33.6.0-jre/guava-33.6.0-jre.jar (libraries:com.google.guava:guava:33.6.0-jre) to libraries/com/google/guava/guava/33.6.0-jre/guava-33.6.0-jre.jar
Unpacking com/microsoft/azure/msal4j/1.24.1/msal4j-1.24.1.jar (libraries:com.microsoft.azure:msal4j:1.24.1) to libraries/com/microsoft/azure/msal4j/1.24.1/msal4j-1.24.1.jar
Unpacking com/mojang/authlib/10.0.77/authlib-10.0.77.jar (libraries:com.mojang:authlib:10.0.77) to libraries/com/mojang/authlib/10.0.77/authlib-10.0.77.jar
Unpacking com/mojang/brigadier/1.3.11/brigadier-1.3.11.jar (libraries:com.mojang:brigadier:1.3.11) to libraries/com/mojang/brigadier/1.3.11/brigadier-1.3.11.jar
Unpacking com/mojang/datafixerupper/10.0.21/datafixerupper-10.0.21.jar (libraries:com.mojang:datafixerupper:10.0.21) to libraries/com/mojang/datafixerupper/10.0.21/datafixerupper-10.0.21.jar
Unpacking com/mojang/jtracy/1.14.38/jtracy-1.14.38.jar (libraries:com.mojang:jtracy:1.14.38) to libraries/com/mojang/jtracy/1.14.38/jtracy-1.14.38.jar
Unpacking com/mojang/logging/1.7.12/logging-1.7.12.jar (libraries:com.mojang:logging:1.7.12) to libraries/com/mojang/logging/1.7.12/logging-1.7.12.jar
Unpacking commons-io/commons-io/2.20.0/commons-io-2.20.0.jar (libraries:commons-io:commons-io:2.20.0) to libraries/commons-io/commons-io/2.20.0/commons-io-2.20.0.jar
Unpacking io/netty/netty-buffer/4.2.16.Final/netty-buffer-4.2.16.Final.jar (libraries:io.netty:netty-buffer:4.2.16.Final) to libraries/io/netty/netty-buffer/4.2.16.Final/netty-buffer-4.2.16.Final.jar
Unpacking io/netty/netty-codec-base/4.2.16.Final/netty-codec-base-4.2.16.Final.jar (libraries:io.netty:netty-codec-base:4.2.16.Final) to libraries/io/netty/netty-codec-base/4.2.16.Final/netty-codec-base-4.2.16.Final.jar
Unpacking io/netty/netty-codec-compression/4.2.16.Final/netty-codec-compression-4.2.16.Final.jar (libraries:io.netty:netty-codec-compression:4.2.16.Final) to libraries/io/netty/netty-codec-compression/4.2.16.Final/netty-codec-compression-4.2.16.Final.jar
Unpacking io/netty/netty-codec-http/4.2.16.Final/netty-codec-http-4.2.16.Final.jar (libraries:io.netty:netty-codec-http:4.2.16.Final) to libraries/io/netty/netty-codec-http/4.2.16.Final/netty-codec-http-4.2.16.Final.jar
Unpacking io/netty/netty-common/4.2.16.Final/netty-common-4.2.16.Final.jar (libraries:io.netty:netty-common:4.2.16.Final) to libraries/io/netty/netty-common/4.2.16.Final/netty-common-4.2.16.Final.jar
Unpacking io/netty/netty-handler/4.2.16.Final/netty-handler-4.2.16.Final.jar (libraries:io.netty:netty-handler:4.2.16.Final) to libraries/io/netty/netty-handler/4.2.16.Final/netty-handler-4.2.16.Final.jar
Unpacking io/netty/netty-resolver/4.2.16.Final/netty-resolver-4.2.16.Final.jar (libraries:io.netty:netty-resolver:4.2.16.Final) to libraries/io/netty/netty-resolver/4.2.16.Final/netty-resolver-4.2.16.Final.jar
Unpacking io/netty/netty-transport/4.2.16.Final/netty-transport-4.2.16.Final.jar (libraries:io.netty:netty-transport:4.2.16.Final) to libraries/io/netty/netty-transport/4.2.16.Final/netty-transport-4.2.16.Final.jar
Unpacking io/netty/netty-transport-classes-epoll/4.2.16.Final/netty-transport-classes-epoll-4.2.16.Final.jar (libraries:io.netty:netty-transport-classes-epoll:4.2.16.Final) to libraries/io/netty/netty-transport-classes-epoll/4.2.16.Final/netty-transport-classes-epoll-4.2.16.Final.jar
Unpacking io/netty/netty-transport-classes-kqueue/4.2.16.Final/netty-transport-classes-kqueue-4.2.16.Final.jar (libraries:io.netty:netty-transport-classes-kqueue:4.2.16.Final) to libraries/io/netty/netty-transport-classes-kqueue/4.2.16.Final/netty-transport-classes-kqueue-4.2.16.Final.jar
Unpacking io/netty/netty-transport-native-epoll/4.2.16.Final/netty-transport-native-epoll-4.2.16.Final-linux-x86_64.jar (libraries:io.netty:netty-transport-native-epoll:4.2.16.Final:linux-x86_64) to libraries/io/netty/netty-transport-native-epoll/4.2.16.Final/netty-transport-native-epoll-4.2.16.Final-linux-x86_64.jar
Unpacking io/netty/netty-transport-native-epoll/4.2.16.Final/netty-transport-native-epoll-4.2.16.Final-linux-aarch_64.jar (libraries:io.netty:netty-transport-native-epoll:4.2.16.Final:linux-aarch_64) to libraries/io/netty/netty-transport-native-epoll/4.2.16.Final/netty-transport-native-epoll-4.2.16.Final-linux-aarch_64.jar
Unpacking io/netty/netty-transport-native-kqueue/4.2.16.Final/netty-transport-native-kqueue-4.2.16.Final-osx-x86_64.jar (libraries:io.netty:netty-transport-native-kqueue:4.2.16.Final:osx-x86_64) to libraries/io/netty/netty-transport-native-kqueue/4.2.16.Final/netty-transport-native-kqueue-4.2.16.Final-osx-x86_64.jar
Unpacking io/netty/netty-transport-native-kqueue/4.2.16.Final/netty-transport-native-kqueue-4.2.16.Final-osx-aarch_64.jar (libraries:io.netty:netty-transport-native-kqueue:4.2.16.Final:osx-aarch_64) to libraries/io/netty/netty-transport-native-kqueue/4.2.16.Final/netty-transport-native-kqueue-4.2.16.Final-osx-aarch_64.jar
Unpacking io/netty/netty-transport-native-unix-common/4.2.16.Final/netty-transport-native-unix-common-4.2.16.Final.jar (libraries:io.netty:netty-transport-native-unix-common:4.2.16.Final) to libraries/io/netty/netty-transport-native-unix-common/4.2.16.Final/netty-transport-native-unix-common-4.2.16.Final.jar
Unpacking it/unimi/dsi/fastutil/8.5.18/fastutil-8.5.18.jar (libraries:it.unimi.dsi:fastutil:8.5.18) to libraries/it/unimi/dsi/fastutil/8.5.18/fastutil-8.5.18.jar
Unpacking net/java/dev/jna/jna/5.17.0/jna-5.17.0.jar (libraries:net.java.dev.jna:jna:5.17.0) to libraries/net/java/dev/jna/jna/5.17.0/jna-5.17.0.jar
Unpacking net/java/dev/jna/jna-platform/5.17.0/jna-platform-5.17.0.jar (libraries:net.java.dev.jna:jna-platform:5.17.0) to libraries/net/java/dev/jna/jna-platform/5.17.0/jna-platform-5.17.0.jar
Unpacking net/sf/jopt-simple/jopt-simple/5.0.4/jopt-simple-5.0.4.jar (libraries:net.sf.jopt-simple:jopt-simple:5.0.4) to libraries/net/sf/jopt-simple/jopt-simple/5.0.4/jopt-simple-5.0.4.jar
Unpacking org/apache/commons/commons-lang3/3.20.0/commons-lang3-3.20.0.jar (libraries:org.apache.commons:commons-lang3:3.20.0) to libraries/org/apache/commons/commons-lang3/3.20.0/commons-lang3-3.20.0.jar
Unpacking org/apache/logging/log4j/log4j-api/2.26.0/log4j-api-2.26.0.jar (libraries:org.apache.logging.log4j:log4j-api:2.26.0) to libraries/org/apache/logging/log4j/log4j-api/2.26.0/log4j-api-2.26.0.jar
Unpacking org/apache/logging/log4j/log4j-core/2.26.0/log4j-core-2.26.0.jar (libraries:org.apache.logging.log4j:log4j-core:2.26.0) to libraries/org/apache/logging/log4j/log4j-core/2.26.0/log4j-core-2.26.0.jar
Unpacking org/apache/logging/log4j/log4j-slf4j2-impl/2.26.0/log4j-slf4j2-impl-2.26.0.jar (libraries:org.apache.logging.log4j:log4j-slf4j2-impl:2.26.0) to libraries/org/apache/logging/log4j/log4j-slf4j2-impl/2.26.0/log4j-slf4j2-impl-2.26.0.jar
Unpacking org/joml/joml/1.10.9/joml-1.10.9.jar (libraries:org.joml:joml:1.10.9) to libraries/org/joml/joml/1.10.9/joml-1.10.9.jar
Unpacking org/jspecify/jspecify/1.0.0/jspecify-1.0.0.jar (libraries:org.jspecify:jspecify:1.0.0) to libraries/org/jspecify/jspecify/1.0.0/jspecify-1.0.0.jar
Unpacking org/slf4j/slf4j-api/2.0.17/slf4j-api-2.0.17.jar (libraries:org.slf4j:slf4j-api:2.0.17) to libraries/org/slf4j/slf4j-api/2.0.17/slf4j-api-2.0.17.jar
Starting net.fabricmc.loader.impl.game.minecraft.BundlerClassPathCapture
[07:11:54] [main/INFO]: Loading Minecraft 26.3 with Fabric Loader 0.19.5
[07:11:54] [main/INFO]: Mappings not present!
[07:11:54] [main/INFO]: Loading 43 mods:
	- fabric-api 0.161.0+26.3
	   |-- fabric-advancement-api-v1 1.0.0+38c7a2d55d
	   |-- fabric-api-base 2.0.6+fcdff87f5d
	   |-- fabric-api-lookup-api-v1 2.0.24+3434d6d95d
	   |-- fabric-biome-api-v1 20.0.9+74ed1ea55d
	   |-- fabric-block-api-v1 3.1.0+0ae6f9115d
	   |-- fabric-block-getter-api-v2 2.0.9+3434d6d95d
	   |-- fabric-command-api-v2 3.1.2+fcdff87f5d
	   |-- fabric-content-registries-v0 15.0.4+74ed1ea55d
	   |-- fabric-convention-tags-v2 4.10.3+6b5b47fd5d
	   |-- fabric-crash-report-info-v1 1.0.7+fcdff87f5d
	   |-- fabric-creative-tab-api-v1 5.0.21+fcdff87f5d
	   |-- fabric-data-attachment-api-v1 2.2.30+3434d6d95d
	   |-- fabric-data-generation-api-v1 27.2.4+427eab975d
	   |-- fabric-debug-api-v1 1.0.4+3434d6d95d
	   |-- fabric-dimensions-v1 5.1.19+47f74c985d
	   |-- fabric-entity-events-v1 6.0.4+3434d6d95d
	   |-- fabric-events-interaction-v0 5.3.6+3434d6d95d
	   |-- fabric-game-rule-api-v1 4.0.10+3434d6d95d
	   |-- fabric-item-api-v1 14.7.0+cf6bc2db5d
	   |-- fabric-lifecycle-events-v1 4.1.9+ffef5f675d
	   |-- fabric-loot-api-v3 4.0.8+4068fd645d
	   |-- fabric-menu-api-v1 2.0.27+ed66f0a35d
	   |-- fabric-message-api-v1 7.0.10+3434d6d95d
	   |-- fabric-networking-api-v1 6.3.8+fcdff87f5d
	   |-- fabric-object-builder-api-v1 24.1.9+3434d6d95d
	   |-- fabric-particles-v1 5.0.24+3434d6d95d
	   |-- fabric-permission-api-v1 1.0.8+fcdff87f5d
	   |-- fabric-recipe-api-v1 10.0.8+fcdff87f5d
	   |-- fabric-registry-sync-v0 8.0.1+fcdff87f5d
	   |-- fabric-rendering-fluids-v1 6.0.6+3434d6d95d
	   |-- fabric-resource-conditions-api-v1 6.1.5+3434d6d95d
	   |-- fabric-resource-loader-v0 3.3.26+4fc5413f5d
	   |-- fabric-resource-loader-v1 3.0.4+fcdff87f5d
	   |-- fabric-serialization-api-v1 2.0.7+74ed1ea55d
	   |-- fabric-tag-api-v1 2.1.10+fcdff87f5d
	   |-- fabric-transfer-api-v1 8.0.25+fcdff87f5d
	   \-- fabric-transitive-access-wideners-v1 8.1.16+52268a0e5d
	- fabricloader 0.19.5
	   \-- mixinextras 0.5.5
	- java 25
	- minecraft 26.3
	- packtest_debug 1.0.0
[07:11:54] [main/INFO]: SpongePowered MIXIN Subsystem Version=0.8.7 Source=file:/tmp/work/nether/libraries/net/fabricmc/sponge-mixin/0.17.4+mixin.0.8.7/sponge-mixin-0.17.4+mixin.0.8.7.jar Service=Knot/Fabric Env=SERVER
[07:11:56] [main/INFO]: Initializing MixinExtras via com.llamalad7.mixinextras.service.MixinExtrasServiceImpl(version=0.5.5).
WARNING: A terminally deprecated method in sun.misc.Unsafe has been called
WARNING: sun.misc.Unsafe::objectFieldOffset has been called by org.joml.MemUtil$MemUtilUnsafe (file:/tmp/work/nether/libraries/org/joml/joml/1.10.9/joml-1.10.9.jar)
WARNING: Please consider reporting this to the maintainers of class org.joml.MemUtil$MemUtilUnsafe
WARNING: sun.misc.Unsafe::objectFieldOffset will be removed in a future release
[07:12:10] [main/INFO]: Environment: Environment[discoveryUrl=https://discovery.minecraftservices.com/minecraft/client, name=PROD]
[07:12:11] [main/INFO]: Found new data pack file/packtest-probes, loading it automatically
[07:12:11] [main/INFO]: Found new data pack file/the-isles.zip, loading it automatically
[07:12:12] [Worker-Main-3/INFO]: No existing world data, creating new world
[07:12:14] [Worker-Main-1/INFO]: Loaded 1866 advancements
[07:12:14] [main/INFO]: Applied 0 biome modifications to 0 of 68 new biomes in 1.741 ms
[07:12:14] [Server thread/INFO]: Starting minecraft server version 26.3
[07:12:14] [Server thread/INFO]: Loading properties
[07:12:14] [Server thread/INFO]: Default game type: CREATIVE
[07:12:14] [Server thread/INFO]: Generating keypair
[07:12:15] [Server thread/INFO]: Starting Minecraft server on *:25565
[07:12:15] [Server thread/WARN]: **** SERVER IS RUNNING IN OFFLINE/INSECURE MODE!
[07:12:15] [Server thread/WARN]: The server will make no attempt to authenticate usernames. Beware.
[07:12:15] [Server thread/WARN]: While this makes the game possible to play without internet access, it also opens up the ability for hackers to connect with any username they choose.
[07:12:15] [Server thread/WARN]: To change this, set "online-mode" to "true" in the server.properties file.
[07:12:15] [Server thread/INFO]: Preparing level "world"
[07:12:15] [Server thread/INFO]: Selecting global world spawn...
[07:12:21] [Server thread/INFO]: Loading 0 persistent chunks...
[07:12:21] [Server thread/INFO]: Preparing spawn area: 100%
[07:12:21] [Server thread/INFO]: Time elapsed: 5716 ms
[07:12:21] [Server thread/INFO]: Done (6.031s)! For help, type "help"
[07:12:21] [Server thread/INFO]: Saving chunks for level 'ServerLevel[world]'/minecraft:overworld
[07:12:21] [Server thread/INFO]: Saving chunks for level 'ServerLevel[world]'/minecraft:the_end
[07:12:21] [Server thread/INFO]: Saving chunks for level 'ServerLevel[world]'/minecraft:the_nether
[07:12:25] [Server thread/INFO]: [Not Secure] [Server] SECTION start
[07:12:25] [Server thread/INFO]: System chat: Created new objective [pt]
[07:12:25] [Server thread/INFO]: System chat: Game rule max_block_modifications is now set to 100000000
[07:12:25] [Server thread/INFO]: System chat: Game rule max_command_sequence_length is now set to 10000000
[07:12:25] [Server thread/INFO]: System chat: Incorrect argument for command
[07:12:25] [Server thread/INFO]: System chat: gamerule maxCommandChainLength 10000000<--[HERE]
[07:12:26] [Server thread/INFO]: System chat: The game is running normally
[07:12:26] [Server thread/INFO]: System chat: Target tick rate: 20.0 per second.
Average time per tick: 6.0ms (Target: 50.0ms)
[07:12:26] [Server thread/INFO]: System chat: Percentiles: P50: 0.5ms P95: 47.2ms P99: 67.7ms. Sample: 100
[07:12:26] [Server thread/INFO]: [Not Secure] [Server] SECTION portal destinations
[07:13:17] [Server thread/INFO]: System chat: Marked 16 chunks in minecraft:the_nether from [68, -197] to [71, -194] to be force loaded
[07:14:07] [Server thread/INFO]: System chat: Marked 16 chunks in minecraft:the_nether from [-157, -82] to [-154, -79] to be force loaded
[07:14:08] [Server thread/WARN]: Can't keep up! Is the server overloaded? Running 101653ms or 2033 ticks behind
[07:14:42] [Server thread/INFO]: [Not Secure] [Server] LOADED portal-destinations
[07:14:43] [Server thread/INFO]: [Not Secure] [Server] SECTION end nether
[07:14:43] [Server thread/INFO]: [Not Secure] [Server] CHECK commands done
[07:15:36] [Server thread/INFO]: packtest[/127.0.0.1:35746] logged in with entity id 70 at (-6.5, 57.0, 0.5)
[07:15:36] [Server thread/INFO]: System chat: packtest joined the game
[07:15:43] [Server thread/WARN]: Can't keep up! Is the server overloaded? Running 3258ms or 65 ticks behind
[07:16:17] [Server thread/INFO]: [Not Secure] [Server] SECTION client
[07:16:17] [Server thread/INFO]: [Not Secure] [Server] SECTION portals
[07:16:18] [Server thread/INFO]: [Not Secure] [Server] PORTALTEST overworld-low island M4 top -1350
[07:16:20] [Server thread/INFO]: System chat: Marked chunk [69, -196] in minecraft:overworld to be force loaded
[07:16:20] [Server thread/INFO]: System chat: Teleported packtest to 1114.500000, -1320.000000, -3125.500000
[07:16:20] [Server thread/WARN]: Can't keep up! Is the server overloaded? Running 2645ms or 52 ticks behind
[07:16:22] [Server thread/INFO]: Player packtest standing on air - force-sending blocks below
[07:16:43] [Server thread/INFO]: System chat: Summoned new Marker
[07:16:43] [Server thread/INFO]: System chat: Marker has the following entity data: [1114.5d, -1351.0d, -3125.5d]
[07:16:44] [Server thread/INFO]: System chat: Teleported packtest to 1120.500000, -1351.000000, -3122.500000
[07:16:46] [Server thread/INFO]: System chat: Successfully filled 20 block(s)
[07:16:46] [Server thread/INFO]: System chat: Successfully filled 6 block(s)
[07:16:46] [Server thread/INFO]: System chat: Changed the block at 1114, -1351, -3126
[07:16:46] [Server thread/INFO]: [Not Secure] [Server] PORTAL lit
[07:16:47] [Server thread/INFO]: System chat: Teleported packtest to 1114.500000, -1351.000000, -3125.500000
[07:16:47] [Server thread/INFO]: System chat: packtest has made the advancement [We Need to Go Deeper]
[07:17:27] [Server thread/INFO]: [Not Secure] [Server] CHECK through the overworld-low portal
[07:17:27] [Server thread/INFO]: System chat: packtest has the following entity data: "minecraft:the_nether"
[07:17:27] [Server thread/INFO]: System chat: packtest has the following entity data: [1106.5d, -1362.0d, -3136.5d]
[07:17:27] [Server thread/INFO]: System chat: Running function packtest:nfeet
[07:17:27] [Server thread/INFO]: [Not Secure] [Server] UNDER obsidian
[07:17:27] [Server thread/INFO]: [Not Secure] [Server] AT nether_portal
[07:17:27] [Server thread/INFO]: [Not Secure] [Server] UNDER solid
[07:17:28] [Server thread/INFO]: System chat: Running function packtest:nbiome
[07:17:28] [Server thread/INFO]: [Not Secure] [Server] NBIOME nether_wastes
[07:17:29] [Server thread/INFO]: System chat: Teleported packtest to 1109.500000, -1362.000000, -3133.500000
[07:17:31] [Server thread/INFO]: System chat: Unmarked all force loaded chunks in minecraft:overworld
[07:17:31] [Server thread/INFO]: [Not Secure] [Server] PORTALTEST overworld-high island K6 top 1402
[07:17:36] [Server thread/INFO]: System chat: Marked chunk [-156, -81] in minecraft:overworld to be force loaded
[07:17:36] [Server thread/INFO]: System chat: Teleported packtest to -2485.500000, 1432.000000, -1285.500000
[07:17:36] [Server thread/WARN]: Can't keep up! Is the server overloaded? Running 4757ms or 95 ticks behind
[07:17:42] [Server thread/INFO]: Player packtest standing on air - force-sending blocks below
[07:17:57] [Server thread/INFO]: System chat: Summoned new Marker
[07:17:57] [Server thread/INFO]: System chat: Marker has the following entity data: [-2485.5d, 1374.0d, -1285.5d]
[07:17:57] [Server thread/INFO]: System chat: Teleported packtest to -2479.500000, 1374.000000, -1282.500000
[07:17:59] [Server thread/INFO]: System chat: Successfully filled 20 block(s)
[07:18:00] [Server thread/INFO]: System chat: Successfully filled 6 block(s)
[07:18:00] [Server thread/INFO]: System chat: Changed the block at -2486, 1374, -1286
[07:18:00] [Server thread/INFO]: [Not Secure] [Server] PORTAL lit
[07:18:00] [Server thread/INFO]: System chat: Teleported packtest to -2485.500000, 1374.000000, -1285.500000
[07:18:40] [Server thread/INFO]: [Not Secure] [Server] CHECK through the overworld-high portal
[07:18:41] [Server thread/INFO]: System chat: packtest has the following entity data: "minecraft:the_nether"
[07:18:41] [Server thread/INFO]: System chat: packtest has the following entity data: [-2485.5d, 1374.0d, -1284.5d]
[07:18:41] [Server thread/INFO]: System chat: Running function packtest:nfeet
[07:18:41] [Server thread/INFO]: [Not Secure] [Server] UNDER obsidian
[07:18:41] [Server thread/INFO]: [Not Secure] [Server] AT nether_portal
[07:18:41] [Server thread/INFO]: [Not Secure] [Server] UNDER solid
[07:18:41] [Server thread/INFO]: System chat: Running function packtest:nbiome
[07:18:41] [Server thread/INFO]: [Not Secure] [Server] NBIOME soul_sand_valley
[07:18:42] [Server thread/INFO]: System chat: Teleported packtest to -2482.500000, 1374.000000, -1281.500000
[07:18:42] [Server thread/INFO]: Player packtest standing on air - force-sending blocks below
[07:18:44] [Server thread/INFO]: System chat: Unmarked all force loaded chunks in minecraft:overworld
[07:18:45] [Server thread/INFO]: [Not Secure] [Server] PORTALTEST nether-layer2-under-S1 at 300 -1257 300
[07:18:45] [Server thread/INFO]: System chat: Teleported packtest to 300.500000, -1257.000000, 302.500000
[07:19:26] [Server thread/INFO]: packtest lost connection: Disconnected
[07:19:26] [Server thread/INFO]: System chat: packtest left the game
[07:19:26] [Server thread/INFO]: System chat: That position is not loaded
[07:19:26] [Server thread/INFO]: System chat: That position is not loaded
[07:19:26] [Server thread/INFO]: System chat: Successfully filled 20 block(s)
[07:19:26] [Server thread/INFO]: System chat: Successfully filled 6 block(s)
[07:19:26] [Server thread/INFO]: System chat: Changed the block at 300, -1257, 300
[07:19:26] [Server thread/INFO]: [Not Secure] [Server] PORTAL lit
[07:19:26] [Server thread/INFO]: System chat: No entity was found
[07:19:26] [Server thread/WARN]: Can't keep up! Is the server overloaded? Running 41521ms or 830 ticks behind
[07:19:26] [Server thread/WARN]: handleDisconnection() called twice
[07:19:56] [Server thread/INFO]: [Not Secure] [Server] CHECK through the nether-layer2-under-S1 portal
[07:19:57] [Server thread/INFO]: System chat: No entity was found
[07:19:57] [Server thread/INFO]: System chat: No entity was found
[07:20:01] [Server thread/INFO]: [Not Secure] [Server] PORTALTEST nether-layer9-void at 2000 1023 -1000
[07:20:01] [Server thread/INFO]: System chat: No entity was found
