Starting net.fabricmc.loader.impl.game.minecraft.BundlerClassPathCapture
[10:29:17] [main/INFO]: Loading Minecraft 26.3 with Fabric Loader 0.19.5
[10:29:17] [main/INFO]: Mappings not present!
[10:29:17] [main/WARN]: Warnings were found!
 - Mod 'Mielon's The Sift' (the_sift) 1.1.2 recommends version 4.13.0 or later of lambdynlights, which is missing!
	 - You should install version 4.13.0 or later of lambdynlights for the optimal experience.
[10:29:17] [main/INFO]: Loading 116 mods:
	- architectury 22.0.3
	- c2me 0.4.2-alpha.0.89+26.3
	   |-- c2me-base 0.4.2-alpha.0.89+26.3
	   |-- c2me-fixes-chunkio-threading-issues 0.4.2-alpha.0.89+26.3
	   |-- c2me-fixes-general-threading-issues 0.4.2-alpha.0.89+26.3
	   |-- c2me-fixes-worldgen-threading-issues 0.4.2-alpha.0.89+26.3
	   |-- c2me-fixes-worldgen-vanilla-bugs 0.4.2-alpha.0.89+26.3
	   |-- c2me-notickvd 0.4.2-alpha.0.89+26.3
	   |-- c2me-opts-allocs 0.4.2-alpha.0.89+26.3
	   |-- c2me-opts-chunkio 0.4.2-alpha.0.89+26.3
	   |-- c2me-opts-math 0.4.2-alpha.0.89+26.3
	   |-- c2me-opts-natives-math 0.4.2-alpha.0.89+26.3
	   |-- c2me-opts-scheduling 0.4.2-alpha.0.89+26.3
	   |-- c2me-opts-worldgen-general 0.4.2-alpha.0.89+26.3
	   |-- c2me-opts-worldgen-vanilla 0.4.2-alpha.0.89+26.3
	   |-- c2me-rewrites-chunk-serializer 0.4.2-alpha.0.89+26.3
	   |-- c2me-rewrites-chunk-system 0.4.2-alpha.0.89+26.3
	   |-- c2me-rewrites-chunkio 0.4.2-alpha.0.89+26.3
	   |-- c2me-server-utils 0.4.2-alpha.0.89+26.3
	   |-- c2me-threading-lighting 0.4.2-alpha.0.89+26.3
	   |-- com_github_ben-manes_caffeine_caffeine 3.2.1
	   |-- com_ibm_async_asyncutil 0.1.0
	   |-- io_reactivex_rxjava3_rxjava 3.1.12
	   |-- mixinsquared 0.3.7-beta.1
	   |-- net_objecthunter_exp4j 0.4.8
	   |-- org_jctools_jctools-core 4.0.5
	   \-- org_reactivestreams_reactive-streams 1.0.4
	- cgs 1.4.9+26.3
	- cloth-config 26.3.159
	   \-- cloth-basic-math 0.6.1
	- create 6.0.9-1
	- create_hypertube 0.6.0+26.3
	- createdieselgenerators 1.3.15+26.3
	- createnuclear 1.3.2-beta.3+26.3
	- entityculling 1.11.2
	   |-- transition 1.0.25
	   \-- trender 1.0.17
	- fabric-api 0.161.0+26.3
	   |-- fabric-advancement-api-v1 1.0.0+38c7a2d55d
	   |-- fabric-api-base 2.0.6+fcdff87f5d
	   |-- fabric-api-lookup-api-v1 2.0.24+3434d6d95d
	   |-- fabric-biome-api-v1 20.0.9+74ed1ea55d
	   |-- fabric-block-api-v1 3.1.0+0ae6f9115d
	   |-- fabric-block-getter-api-v2 2.0.9+3434d6d95d
	   |-- fabric-command-api-v2 3.1.2+fcdff87f5d
	   |-- fabric-content-registries-v0 15.0.4+74ed1ea55d
	   |-- fabric-convention-tags-v2 4.10.3+6b5b47fd5d
	   |-- fabric-crash-report-info-v1 1.0.7+fcdff87f5d
	   |-- fabric-creative-tab-api-v1 5.0.21+fcdff87f5d
	   |-- fabric-data-attachment-api-v1 2.2.30+3434d6d95d
	   |-- fabric-data-generation-api-v1 27.2.4+427eab975d
	   |-- fabric-debug-api-v1 1.0.4+3434d6d95d
	   |-- fabric-dimensions-v1 5.1.19+47f74c985d
	   |-- fabric-entity-events-v1 6.0.4+3434d6d95d
	   |-- fabric-events-interaction-v0 5.3.6+3434d6d95d
	   |-- fabric-game-rule-api-v1 4.0.10+3434d6d95d
	   |-- fabric-item-api-v1 14.7.0+cf6bc2db5d
	   |-- fabric-lifecycle-events-v1 4.1.9+ffef5f675d
	   |-- fabric-loot-api-v3 4.0.8+4068fd645d
	   |-- fabric-menu-api-v1 2.0.27+ed66f0a35d
	   |-- fabric-message-api-v1 7.0.10+3434d6d95d
	   |-- fabric-networking-api-v1 6.3.8+fcdff87f5d
	   |-- fabric-object-builder-api-v1 24.1.9+3434d6d95d
	   |-- fabric-particles-v1 5.0.24+3434d6d95d
	   |-- fabric-permission-api-v1 1.0.8+fcdff87f5d
	   |-- fabric-recipe-api-v1 10.0.8+fcdff87f5d
	   |-- fabric-registry-sync-v0 8.0.1+fcdff87f5d
	   |-- fabric-rendering-fluids-v1 6.0.6+3434d6d95d
	   |-- fabric-resource-conditions-api-v1 6.1.5+3434d6d95d
	   |-- fabric-resource-loader-v0 3.3.26+4fc5413f5d
	   |-- fabric-resource-loader-v1 3.0.4+fcdff87f5d
	   |-- fabric-serialization-api-v1 2.0.7+74ed1ea55d
	   |-- fabric-tag-api-v1 2.1.10+fcdff87f5d
	   |-- fabric-transfer-api-v1 8.0.25+fcdff87f5d
	   \-- fabric-transitive-access-wideners-v1 8.1.16+52268a0e5d
	- fabric-language-kotlin 1.14.1+kotlin.2.4.20
	   |-- org_jetbrains_kotlin_kotlin-reflect 2.4.20
	   |-- org_jetbrains_kotlin_kotlin-stdlib 2.4.20
	   |-- org_jetbrains_kotlin_kotlin-stdlib-jdk7 2.4.20
	   |-- org_jetbrains_kotlin_kotlin-stdlib-jdk8 2.4.20
	   |-- org_jetbrains_kotlinx_atomicfu-jvm 0.33.0
	   |-- org_jetbrains_kotlinx_kotlinx-coroutines-core-jvm 1.11.0
	   |-- org_jetbrains_kotlinx_kotlinx-coroutines-jdk8 1.11.0
	   |-- org_jetbrains_kotlinx_kotlinx-datetime-jvm 0.8.0
	   |-- org_jetbrains_kotlinx_kotlinx-io-bytestring-jvm 0.9.1
	   |-- org_jetbrains_kotlinx_kotlinx-io-core-jvm 0.9.1
	   |-- org_jetbrains_kotlinx_kotlinx-serialization-cbor-jvm 1.11.0
	   |-- org_jetbrains_kotlinx_kotlinx-serialization-core-jvm 1.11.0
	   \-- org_jetbrains_kotlinx_kotlinx-serialization-json-jvm 1.11.0
	- fabricloader 0.19.5
	   \-- mixinextras 0.5.5
	- farmersdelight 26.3-3.6.27+refabricated
	- ferritecore 9.0.0
	- forgeconfigapiport 26.3.1
	   |-- com_electronwill_night-config_core 3.8.4
	   \-- com_electronwill_night-config_toml 3.8.4
	- fzzy_config 0.7.7+26.3
	   |-- blue_endless_jankson 1.2.3
	   |-- fabric-permissions-api-v0 0.7.0
	   \-- net_peanuuutz_tomlkt_tomlkt-jvm 0.3.7
	- geckolib 5.5.7
	- java 25
	- krypton 0.3.2
	   \-- com_velocitypowered_velocity-native 3.4.0-SNAPSHOT
	- lithium 0.26.2+mc26.3
	- midnightlib 1.9.3
	- minecraft 26.3
	- ntgl 3.1.8+26.3
	- packtest_debug 1.0.0
	- placeholder-api 3.2.0+26.3
	- puzzleslib 26.3.9
	- respawninganimals 26.3.0
	- smooth_steps 1.2.1
	- terrain_slabs 3.3.6
	- the_sift 1.1.2
	- untitledduckmod 1.8.0
[10:29:17] [main/INFO]: SpongePowered MIXIN Subsystem Version=0.8.7 Source=file:/tmp/work/pack/libraries/net/fabricmc/sponge-mixin/0.17.4+mixin.0.8.7/sponge-mixin-0.17.4+mixin.0.8.7.jar Service=Knot/Fabric Env=SERVER
[10:29:17] [main/INFO]: Initializing com.ishland.c2me.base.mixin
[10:29:17] [main/INFO]: CPU name: AMD EPYC 9V74 80-Core Processor
[10:29:17] [main/INFO]: Detected 2 available physical CPUs, 4 available logical CPUs
[10:29:17] [main/INFO]: Detected 2 available physical CPUs, 4 available logical CPUs
[10:29:17] [main/INFO]: Global Executor Parallelism: 2 configured, 2 evaluated, 2 default evaluated
[10:29:17] [main/INFO]: Initializing com.ishland.c2me.fixes.chunkio.threading_issues.mixin
[10:29:17] [main/INFO]: Initializing com.ishland.c2me.fixes.general.threading_issues.mixin
[10:29:17] [main/INFO]: Initializing com.ishland.c2me.fixes.worldgen.threading_issues.mixin
[10:29:17] [main/INFO]: Initializing com.ishland.c2me.fixes.worldgen.vanilla_bugs.mixin
[10:29:17] [main/INFO]: Initializing com.ishland.c2me.notickvd.mixin
[10:29:17] [main/INFO]: Initializing com.ishland.c2me.opts.allocs.mixin
[10:29:17] [main/INFO]: Initializing com.ishland.c2me.opts.chunkio.mixin
[10:29:17] [main/INFO]: Initializing com.ishland.c2me.opts.math.mixin
[10:29:17] [main/INFO]: Initializing com.ishland.c2me.opts.natives_math.mixin
[10:29:17] [main/INFO]: Attempting to call native library. If your game crashes right after this point, native acceleration may not be available for your system.
[10:29:17] [main/INFO]: Detected maximum supported ISA target: ICL_AVX512
[10:29:17] [main/INFO]: Initializing com.ishland.c2me.opts.scheduling.mixin
[10:29:17] [main/INFO]: Initializing com.ishland.c2me.opts.worldgen.general.mixin
[10:29:17] [main/INFO]: Initializing com.ishland.c2me.opts.worldgen.vanilla.mixin
[10:29:17] [main/INFO]: Initializing com.ishland.c2me.rewrites.chunk_serializer.mixin
[10:29:17] [main/INFO]: Disabling config ioSystem.gcFreeChunkSerializer: Incompatible with architectury@22.0.3 (*) (defined in c2me)
[10:29:17] [main/INFO]: Disabling com.ishland.c2me.rewrites.chunk_serializer.mixin
[10:29:17] [main/INFO]: Initializing com.ishland.c2me.rewrites.chunksystem.mixin
[10:29:17] [main/INFO]: Initializing com.ishland.c2me.rewrites.chunkio.mixin
[10:29:17] [main/INFO]: Initializing com.ishland.c2me.server.utils.mixin
[10:29:17] [main/INFO]: Initializing com.ishland.c2me.threading.lighting.mixin
[10:29:17] [main/WARN]: Reference map 'entityculling.refmap.mixins.json' for entityculling.mixins.json could not be read. If this is a development environment you can ignore this message
[10:29:17] [main/INFO]: Loaded configuration file for Lithium: 170 options available, 0 override(s) found.
[10:29:18] [main/WARN]: Error loading class: ca/spottedleaf/starlight/common/integration/v0/ChunkSystemHooks (java.lang.ClassNotFoundException: ca/spottedleaf/starlight/common/integration/v0/ChunkSystemHooks)
[10:29:18] [main/WARN]: @Mixin target ca/spottedleaf/starlight/common/integration/v0/ChunkSystemHooks was not found c2me-rewrites-chunk-system.mixins.json:scalablelux.MixinChunkSystemHooks from mod c2me-rewrites-chunk-system
[10:29:18] [main/WARN]: Error loading class: ca/spottedleaf/starlight/common/thread/SchedulingUtil (java.lang.ClassNotFoundException: ca/spottedleaf/starlight/common/thread/SchedulingUtil)
[10:29:18] [main/WARN]: Error loading class: net/minecraft/client/gui/screens/recipebook/GhostSlots (java.lang.ClassNotFoundException: net/minecraft/client/gui/screens/recipebook/GhostSlots)
[10:29:18] [main/WARN]: @Mixin target net.minecraft.client.gui.screens.recipebook.GhostSlots was not found farmersdelight.mixins.json:refabricated.GhostSlotsInvoker from mod farmersdelight
[10:29:18] [main/WARN]: Error loading class: net/minecraft/client/gui/GuiGraphicsExtractor (java.lang.ClassNotFoundException: net/minecraft/client/gui/GuiGraphicsExtractor)
[10:29:18] [main/WARN]: @Mixin target net.minecraft.client.gui.GuiGraphicsExtractor was not found farmersdelight.mixins.json:refabricated.GuiGraphicsExtractorAccessor from mod farmersdelight
[10:29:18] [main/INFO]: Initializing MixinExtras via com.llamalad7.mixinextras.service.MixinExtrasServiceImpl(version=0.5.5).
WARNING: A terminally deprecated method in sun.misc.Unsafe has been called
WARNING: sun.misc.Unsafe::objectFieldOffset has been called by org.joml.MemUtil$MemUtilUnsafe (file:/tmp/work/pack/libraries/org/joml/joml/1.10.9/joml-1.10.9.jar)
WARNING: Please consider reporting this to the maintainers of class org.joml.MemUtil$MemUtilUnsafe
WARNING: sun.misc.Unsafe::objectFieldOffset will be removed in a future release
[10:29:27] [main/INFO]: createnuclear initializing!
[10:29:27] [main/INFO]: Registering mod tags for createnuclear
[10:29:27] [main/INFO]: Registering ModBlocks for createnuclear
[10:29:27] [main/INFO]: Loaded config farmersdelight-common.json
[10:29:27] [main/INFO]: Compression will use libdeflate (Linux x86_64), encryption will use OpenSSL 3.x.x (Linux x86_64)
[10:29:27] [main/INFO]: Constructing components for puzzleslib:common
[10:29:27] [main/INFO]: Constructing components for respawninganimals:common
[10:29:27] [main/INFO]: Dispatching loading event for config respawninganimals-common.toml
[10:29:27] [main/INFO]: Initializing Terrain Slabs mod...
[10:29:27] [main/INFO]: Registering Mod Blocks & Items for terrain_slabs
[10:29:27] [main/INFO]: Registering Mod Blocks & Items for terrain_slabs
[10:29:27] [main/INFO]: The Sift initialized.
[10:29:27] [main/INFO]: Krypton is now accelerating your Minecraft server's networking stack 🚀
[10:29:28] [main/INFO]: Environment: Environment[discoveryUrl=https://discovery.minecraftservices.com/minecraft/client, name=PROD]
[10:29:28] [main/INFO]: Created 13 recipes which will be injected into the game
[10:29:30] [Worker-Main-2/INFO]: Loaded 3522 advancements
[10:29:31] [main/INFO]: Applied 339 biome modifications to 93 of 93 new biomes in 11.67 ms
[10:29:31] [Server thread/INFO]: Starting minecraft server version 26.3
[10:29:31] [Server thread/INFO]: Loading properties
[10:29:31] [Server thread/INFO]: Default game type: CREATIVE
[10:29:31] [Server thread/INFO]: Generating keypair
[10:29:31] [Server thread/INFO]: Starting Minecraft server on *:25565
[10:29:31] [Server thread/WARN]: **** SERVER IS RUNNING IN OFFLINE/INSECURE MODE!
[10:29:31] [Server thread/WARN]: The server will make no attempt to authenticate usernames. Beware.
[10:29:31] [Server thread/WARN]: While this makes the game possible to play without internet access, it also opens up the ability for hackers to connect with any username they choose.
[10:29:31] [Server thread/WARN]: To change this, set "online-mode" to "true" in the server.properties file.
[10:29:31] [Server thread/INFO]: Preparing level "world"
[10:29:31] [Server thread/INFO]: Enforcing safe world random access
[10:29:31] [Server thread/INFO]: Using TheSpeedyObjectFactory without Unsafe
[10:29:31] [Server thread/INFO]: Loading 0 persistent chunks...
[10:29:31] [Server thread/INFO]: Preparing spawn area: 100%
[10:29:31] [Server thread/INFO]: Time elapsed: 11 ms
[10:29:31] [Server thread/INFO]: Done (0.567s)! For help, type "help"
[10:29:31] [Server thread/INFO]: Saving chunks for level 'ServerLevel[world]'/minecraft:overworld
[10:29:31] [Server thread/INFO]: Saving chunks for level 'ServerLevel[world]'/the_sift:the_sift
[10:29:31] [Server thread/INFO]: Saving chunks for level 'ServerLevel[world]'/minecraft:the_end
[10:29:31] [Server thread/INFO]: Saving chunks for level 'ServerLevel[world]'/minecraft:the_nether
[10:29:36] [Server thread/INFO]: [Not Secure] [Server] SECTION restart
[10:29:36] [Server thread/INFO]: System chat: 80 force loaded chunks were found in minecraft:overworld at: [68, -197], [69, -197], [70, -197], [71, -197], [68, -196], [69, -196], [70, -196], [71, -196], [68, -195], [69, -195], [70, -195], [71, -195], [68, -194], [69, -194], [70, -194], [71, -194], [-213, -90], [-212, -90], [-211, -90], [-210, -90], [-209, -90], [-208, -90], [-213, -89], [-212, -89], [-211, -89], [-210, -89], [-209, -89], [-208, -89], [-213, -88], [-212, -88], [-211, -88], [-210, -88], [-209, -88], [-208, -88], [-213, -87], [-212, -87], [-211, -87], [-210, -87], [-209, -87], [-208, -87], [-213, -86], [-212, -86], [-211, -86], [-210, -86], [-209, -86], [-208, -86], [-230, -73], [-229, -73], [-228, -73], [-227, -73], [-226, -73], [-225, -73], [-224, -73], [-223, -73], [-222, -73], [-221, -73], [-230, -72], [-229, -72], [-228, -72], [-227, -72], [-226, -72], [-225, -72], [-224, -72], [-223, -72], [-222, -72], [-221, -72], [-230, -71], [-229, -71], [-228, -71], [-227, -71], [-226, -71], [-225, -71], [-224, -71], [-223, -71], [-222, -71], [-221, -71], [1, 1], [2, 1], [1, 2], [2, 2]
[10:29:36] [Server thread/INFO]: System chat: Game rule spawn_monsters is already set to false
[10:29:51] [Server thread/INFO]: [Not Secure] [Server] CHECK create shaft speed
[10:29:51] [Server thread/INFO]: System chat: -3388, 1281, -1411 has the following block data: -64.0f
[10:29:52] [Server thread/INFO]: [Not Secure] [Server] CHECK create press depot
[10:29:52] [Server thread/INFO]: System chat: -3390, 1280, -1407 has the following block data: {z: -1407, x: -3390, Inventory: [], id: "create:depot", y: 1280, components: {}, HeldItem: {InDirection: "down", Item: {id: "create:iron_sheet", count: 1}, Angle: 219, Offset: -0.08148148f, PrevPos: 0.5f, PrevOffset: -0.08148148f, InSegment: 0, Pos: 0.5f}}
[10:29:52] [Server thread/INFO]: [Not Secure] [Server] CHECK contraption count
[10:29:52] [Server thread/INFO]: System chat: Test passed. Count: 2
[10:29:52] [Server thread/INFO]: [Not Secure] [Server] CHECK diesel engine shaft speed
[10:29:52] [Server thread/INFO]: System chat: -3379, 1282, -1411 has the following block data: -96.0f
[10:29:52] [Server thread/INFO]: [Not Secure] [Server] CHECK reactor controller
[10:29:52] [Server thread/INFO]: System chat: The target block is not a block entity
[10:29:53] [Server thread/INFO]: [Not Secure] [Server] CHECK low create shaft speed
[10:29:53] [Server thread/INFO]: System chat: 1115, -1320, -3126 has the following block data: 64.0f
[10:29:53] [Server thread/INFO]: [Not Secure] [Server] CHECK tube connections
[10:29:53] [Server thread/INFO]: System chat: -3660, 1265, -1150 has the following block data: {Connection_version: 1}
[10:29:53] [Server thread/INFO]: System chat: -3630, 1265, -1150 has the following block data: {ConnectionOne_version: 1, ConnectionTwo_version: 1}
[10:29:53] [Server thread/INFO]: System chat: -3600, 1265, -1150 has the following block data: {ConnectionOne_version: 1, ConnectionTwo_version: 1}
[10:29:53] [Server thread/INFO]: System chat: -3570, 1265, -1150 has the following block data: {ConnectionOne_version: 1, ConnectionTwo_version: 1}
[10:29:53] [Server thread/INFO]: System chat: -3540, 1265, -1150 has the following block data: {Connection_version: 1}
[10:29:54] [Server thread/INFO]: System chat: Summoned new Villager
[10:30:06] [Server thread/INFO]: [Not Secure] [Server] CHECK villager ride end
[10:30:06] [Server thread/INFO]: System chat: Villager has the following entity data: [-3660.5d, 1265.0d, -1149.5d]
[10:30:06] [Server thread/INFO]: [Not Secure] [Server] PORTAL overworld-lit
[10:30:06] [Server thread/INFO]: [Not Secure] [Server] WORLDSPAWN
[10:30:06] [Server thread/INFO]: System chat: Marker has the following entity data: [0.0d, 57.0d, 0.0d]
[10:30:06] [Server thread/INFO]: System chat: The game is running normally
[10:30:06] [Server thread/INFO]: System chat: Target tick rate: 20.0 per second.
Average time per tick: 2.3ms (Target: 50.0ms)
[10:30:06] [Server thread/INFO]: System chat: Percentiles: P50: 2.2ms P95: 3.0ms P99: 5.2ms. Sample: 100
[10:30:06] [Server thread/INFO]: [Not Secure] [Server] SECTION end pack-restart
[10:30:07] [Server thread/INFO]: [Not Secure] [Server] CHECK commands done
[10:30:14] [Server thread/INFO]: System chat: Stopping the server
[10:30:14] [Server thread/INFO]: Stopping server
[10:30:14] [Server thread/INFO]: Saving players
[10:30:14] [Server thread/INFO]: Saving worlds
[10:30:14] [Server thread/INFO]: ServerLevel[world]/minecraft:overworld: waiting for 3454 chunks to unload
[10:30:14] [Server thread/INFO]: ServerLevel[world]/minecraft:the_nether: waiting for 1682 chunks to unload
[10:30:14] [Server thread/INFO]: Saving chunks for level 'ServerLevel[world]'/minecraft:overworld
[10:30:15] [Server thread/INFO]: Saving chunks for level 'ServerLevel[world]'/the_sift:the_sift
[10:30:15] [Server thread/INFO]: Saving chunks for level 'ServerLevel[world]'/minecraft:the_end
[10:30:15] [Server thread/INFO]: Saving chunks for level 'ServerLevel[world]'/minecraft:the_nether
[10:30:15] [C2ME Storage #3/INFO]: Storage thread Thread[#61,C2ME Storage #3,5,main] stopped
[10:30:15] [C2ME Storage #2/INFO]: Storage thread Thread[#60,C2ME Storage #2,5,main] stopped
[10:30:15] [C2ME Storage #1/INFO]: Storage thread Thread[#59,C2ME Storage #1,5,main] stopped
[10:30:15] [C2ME Storage #6/INFO]: Storage thread Thread[#64,C2ME Storage #6,5,main] stopped
[10:30:15] [C2ME Storage #5/INFO]: Storage thread Thread[#63,C2ME Storage #5,5,main] stopped
[10:30:15] [C2ME Storage #4/INFO]: Storage thread Thread[#62,C2ME Storage #4,5,main] stopped
[10:30:15] [C2ME Storage #9/INFO]: Storage thread Thread[#67,C2ME Storage #9,5,main] stopped
[10:30:15] [C2ME Storage #8/INFO]: Storage thread Thread[#66,C2ME Storage #8,5,main] stopped
[10:30:15] [C2ME Storage #7/INFO]: Storage thread Thread[#65,C2ME Storage #7,5,main] stopped
[10:30:15] [C2ME Storage #12/INFO]: Storage thread Thread[#70,C2ME Storage #12,5,main] stopped
[10:30:15] [C2ME Storage #11/INFO]: Storage thread Thread[#69,C2ME Storage #11,5,main] stopped
[10:30:15] [C2ME Storage #10/INFO]: Storage thread Thread[#68,C2ME Storage #10,5,main] stopped
EXIT 0
