Downloading Minecraft server
Installing Fabric Loader 0.19.5(26.3) on the server
Downloading required files
Downloading library org.ow2.asm:asm:9.10.1
Downloading library org.ow2.asm:asm-analysis:9.10.1
Downloading library org.ow2.asm:asm-commons:9.10.1
Downloading library org.ow2.asm:asm-tree:9.10.1
Downloading library org.ow2.asm:asm-util:9.10.1
Downloading library net.fabricmc:sponge-mixin:0.17.4+mixin.0.8.7
Downloading library net.fabricmc:fabric-loader:0.19.5
Generating server launch JAR
Unpacking 26.3/server-26.3.jar (versions:26.3) to versions/26.3/server-26.3.jar
Unpacking at/yawk/lz4/lz4-java/1.10.1/lz4-java-1.10.1.jar (libraries:at.yawk.lz4:lz4-java:1.10.1) to libraries/at/yawk/lz4/lz4-java/1.10.1/lz4-java-1.10.1.jar
Unpacking com/azure/azure-json/1.4.0/azure-json-1.4.0.jar (libraries:com.azure:azure-json:1.4.0) to libraries/com/azure/azure-json/1.4.0/azure-json-1.4.0.jar
Unpacking com/github/oshi/oshi-core/6.9.0/oshi-core-6.9.0.jar (libraries:com.github.oshi:oshi-core:6.9.0) to libraries/com/github/oshi/oshi-core/6.9.0/oshi-core-6.9.0.jar
Unpacking com/google/code/gson/gson/2.14.0/gson-2.14.0.jar (libraries:com.google.code.gson:gson:2.14.0) to libraries/com/google/code/gson/gson/2.14.0/gson-2.14.0.jar
Unpacking com/google/guava/failureaccess/1.0.3/failureaccess-1.0.3.jar (libraries:com.google.guava:failureaccess:1.0.3) to libraries/com/google/guava/failureaccess/1.0.3/failureaccess-1.0.3.jar
Unpacking com/google/guava/guava/33.6.0-jre/guava-33.6.0-jre.jar (libraries:com.google.guava:guava:33.6.0-jre) to libraries/com/google/guava/guava/33.6.0-jre/guava-33.6.0-jre.jar
Unpacking com/microsoft/azure/msal4j/1.24.1/msal4j-1.24.1.jar (libraries:com.microsoft.azure:msal4j:1.24.1) to libraries/com/microsoft/azure/msal4j/1.24.1/msal4j-1.24.1.jar
Unpacking com/mojang/authlib/10.0.77/authlib-10.0.77.jar (libraries:com.mojang:authlib:10.0.77) to libraries/com/mojang/authlib/10.0.77/authlib-10.0.77.jar
Unpacking com/mojang/brigadier/1.3.11/brigadier-1.3.11.jar (libraries:com.mojang:brigadier:1.3.11) to libraries/com/mojang/brigadier/1.3.11/brigadier-1.3.11.jar
Unpacking com/mojang/datafixerupper/10.0.21/datafixerupper-10.0.21.jar (libraries:com.mojang:datafixerupper:10.0.21) to libraries/com/mojang/datafixerupper/10.0.21/datafixerupper-10.0.21.jar
Unpacking com/mojang/jtracy/1.14.38/jtracy-1.14.38.jar (libraries:com.mojang:jtracy:1.14.38) to libraries/com/mojang/jtracy/1.14.38/jtracy-1.14.38.jar
Unpacking com/mojang/logging/1.7.12/logging-1.7.12.jar (libraries:com.mojang:logging:1.7.12) to libraries/com/mojang/logging/1.7.12/logging-1.7.12.jar
Unpacking commons-io/commons-io/2.20.0/commons-io-2.20.0.jar (libraries:commons-io:commons-io:2.20.0) to libraries/commons-io/commons-io/2.20.0/commons-io-2.20.0.jar
Unpacking io/netty/netty-buffer/4.2.16.Final/netty-buffer-4.2.16.Final.jar (libraries:io.netty:netty-buffer:4.2.16.Final) to libraries/io/netty/netty-buffer/4.2.16.Final/netty-buffer-4.2.16.Final.jar
Unpacking io/netty/netty-codec-base/4.2.16.Final/netty-codec-base-4.2.16.Final.jar (libraries:io.netty:netty-codec-base:4.2.16.Final) to libraries/io/netty/netty-codec-base/4.2.16.Final/netty-codec-base-4.2.16.Final.jar
Unpacking io/netty/netty-codec-compression/4.2.16.Final/netty-codec-compression-4.2.16.Final.jar (libraries:io.netty:netty-codec-compression:4.2.16.Final) to libraries/io/netty/netty-codec-compression/4.2.16.Final/netty-codec-compression-4.2.16.Final.jar
Unpacking io/netty/netty-codec-http/4.2.16.Final/netty-codec-http-4.2.16.Final.jar (libraries:io.netty:netty-codec-http:4.2.16.Final) to libraries/io/netty/netty-codec-http/4.2.16.Final/netty-codec-http-4.2.16.Final.jar
Unpacking io/netty/netty-common/4.2.16.Final/netty-common-4.2.16.Final.jar (libraries:io.netty:netty-common:4.2.16.Final) to libraries/io/netty/netty-common/4.2.16.Final/netty-common-4.2.16.Final.jar
Unpacking io/netty/netty-handler/4.2.16.Final/netty-handler-4.2.16.Final.jar (libraries:io.netty:netty-handler:4.2.16.Final) to libraries/io/netty/netty-handler/4.2.16.Final/netty-handler-4.2.16.Final.jar
Unpacking io/netty/netty-resolver/4.2.16.Final/netty-resolver-4.2.16.Final.jar (libraries:io.netty:netty-resolver:4.2.16.Final) to libraries/io/netty/netty-resolver/4.2.16.Final/netty-resolver-4.2.16.Final.jar
Unpacking io/netty/netty-transport/4.2.16.Final/netty-transport-4.2.16.Final.jar (libraries:io.netty:netty-transport:4.2.16.Final) to libraries/io/netty/netty-transport/4.2.16.Final/netty-transport-4.2.16.Final.jar
Unpacking io/netty/netty-transport-classes-epoll/4.2.16.Final/netty-transport-classes-epoll-4.2.16.Final.jar (libraries:io.netty:netty-transport-classes-epoll:4.2.16.Final) to libraries/io/netty/netty-transport-classes-epoll/4.2.16.Final/netty-transport-classes-epoll-4.2.16.Final.jar
Unpacking io/netty/netty-transport-classes-kqueue/4.2.16.Final/netty-transport-classes-kqueue-4.2.16.Final.jar (libraries:io.netty:netty-transport-classes-kqueue:4.2.16.Final) to libraries/io/netty/netty-transport-classes-kqueue/4.2.16.Final/netty-transport-classes-kqueue-4.2.16.Final.jar
Unpacking io/netty/netty-transport-native-epoll/4.2.16.Final/netty-transport-native-epoll-4.2.16.Final-linux-x86_64.jar (libraries:io.netty:netty-transport-native-epoll:4.2.16.Final:linux-x86_64) to libraries/io/netty/netty-transport-native-epoll/4.2.16.Final/netty-transport-native-epoll-4.2.16.Final-linux-x86_64.jar
Unpacking io/netty/netty-transport-native-epoll/4.2.16.Final/netty-transport-native-epoll-4.2.16.Final-linux-aarch_64.jar (libraries:io.netty:netty-transport-native-epoll:4.2.16.Final:linux-aarch_64) to libraries/io/netty/netty-transport-native-epoll/4.2.16.Final/netty-transport-native-epoll-4.2.16.Final-linux-aarch_64.jar
Unpacking io/netty/netty-transport-native-kqueue/4.2.16.Final/netty-transport-native-kqueue-4.2.16.Final-osx-x86_64.jar (libraries:io.netty:netty-transport-native-kqueue:4.2.16.Final:osx-x86_64) to libraries/io/netty/netty-transport-native-kqueue/4.2.16.Final/netty-transport-native-kqueue-4.2.16.Final-osx-x86_64.jar
Unpacking io/netty/netty-transport-native-kqueue/4.2.16.Final/netty-transport-native-kqueue-4.2.16.Final-osx-aarch_64.jar (libraries:io.netty:netty-transport-native-kqueue:4.2.16.Final:osx-aarch_64) to libraries/io/netty/netty-transport-native-kqueue/4.2.16.Final/netty-transport-native-kqueue-4.2.16.Final-osx-aarch_64.jar
Unpacking io/netty/netty-transport-native-unix-common/4.2.16.Final/netty-transport-native-unix-common-4.2.16.Final.jar (libraries:io.netty:netty-transport-native-unix-common:4.2.16.Final) to libraries/io/netty/netty-transport-native-unix-common/4.2.16.Final/netty-transport-native-unix-common-4.2.16.Final.jar
Unpacking it/unimi/dsi/fastutil/8.5.18/fastutil-8.5.18.jar (libraries:it.unimi.dsi:fastutil:8.5.18) to libraries/it/unimi/dsi/fastutil/8.5.18/fastutil-8.5.18.jar
Unpacking net/java/dev/jna/jna/5.17.0/jna-5.17.0.jar (libraries:net.java.dev.jna:jna:5.17.0) to libraries/net/java/dev/jna/jna/5.17.0/jna-5.17.0.jar
Unpacking net/java/dev/jna/jna-platform/5.17.0/jna-platform-5.17.0.jar (libraries:net.java.dev.jna:jna-platform:5.17.0) to libraries/net/java/dev/jna/jna-platform/5.17.0/jna-platform-5.17.0.jar
Unpacking net/sf/jopt-simple/jopt-simple/5.0.4/jopt-simple-5.0.4.jar (libraries:net.sf.jopt-simple:jopt-simple:5.0.4) to libraries/net/sf/jopt-simple/jopt-simple/5.0.4/jopt-simple-5.0.4.jar
Unpacking org/apache/commons/commons-lang3/3.20.0/commons-lang3-3.20.0.jar (libraries:org.apache.commons:commons-lang3:3.20.0) to libraries/org/apache/commons/commons-lang3/3.20.0/commons-lang3-3.20.0.jar
Unpacking org/apache/logging/log4j/log4j-api/2.26.0/log4j-api-2.26.0.jar (libraries:org.apache.logging.log4j:log4j-api:2.26.0) to libraries/org/apache/logging/log4j/log4j-api/2.26.0/log4j-api-2.26.0.jar
Unpacking org/apache/logging/log4j/log4j-core/2.26.0/log4j-core-2.26.0.jar (libraries:org.apache.logging.log4j:log4j-core:2.26.0) to libraries/org/apache/logging/log4j/log4j-core/2.26.0/log4j-core-2.26.0.jar
Unpacking org/apache/logging/log4j/log4j-slf4j2-impl/2.26.0/log4j-slf4j2-impl-2.26.0.jar (libraries:org.apache.logging.log4j:log4j-slf4j2-impl:2.26.0) to libraries/org/apache/logging/log4j/log4j-slf4j2-impl/2.26.0/log4j-slf4j2-impl-2.26.0.jar
Unpacking org/joml/joml/1.10.9/joml-1.10.9.jar (libraries:org.joml:joml:1.10.9) to libraries/org/joml/joml/1.10.9/joml-1.10.9.jar
Unpacking org/jspecify/jspecify/1.0.0/jspecify-1.0.0.jar (libraries:org.jspecify:jspecify:1.0.0) to libraries/org/jspecify/jspecify/1.0.0/jspecify-1.0.0.jar
Unpacking org/slf4j/slf4j-api/2.0.17/slf4j-api-2.0.17.jar (libraries:org.slf4j:slf4j-api:2.0.17) to libraries/org/slf4j/slf4j-api/2.0.17/slf4j-api-2.0.17.jar
Starting net.fabricmc.loader.impl.game.minecraft.BundlerClassPathCapture
[12:00:09] [main/INFO]: Loading Minecraft 26.3 with Fabric Loader 0.19.5
[12:00:09] [main/INFO]: Mappings not present!
[12:00:09] [main/INFO]: Loading 42 mods:
	- fabric-api 0.161.0+26.3
	   |-- fabric-advancement-api-v1 1.0.0+38c7a2d55d
	   |-- fabric-api-base 2.0.6+fcdff87f5d
	   |-- fabric-api-lookup-api-v1 2.0.24+3434d6d95d
	   |-- fabric-biome-api-v1 20.0.9+74ed1ea55d
	   |-- fabric-block-api-v1 3.1.0+0ae6f9115d
	   |-- fabric-block-getter-api-v2 2.0.9+3434d6d95d
	   |-- fabric-command-api-v2 3.1.2+fcdff87f5d
	   |-- fabric-content-registries-v0 15.0.4+74ed1ea55d
	   |-- fabric-convention-tags-v2 4.10.3+6b5b47fd5d
	   |-- fabric-crash-report-info-v1 1.0.7+fcdff87f5d
	   |-- fabric-creative-tab-api-v1 5.0.21+fcdff87f5d
	   |-- fabric-data-attachment-api-v1 2.2.30+3434d6d95d
	   |-- fabric-data-generation-api-v1 27.2.4+427eab975d
	   |-- fabric-debug-api-v1 1.0.4+3434d6d95d
	   |-- fabric-dimensions-v1 5.1.19+47f74c985d
	   |-- fabric-entity-events-v1 6.0.4+3434d6d95d
	   |-- fabric-events-interaction-v0 5.3.6+3434d6d95d
	   |-- fabric-game-rule-api-v1 4.0.10+3434d6d95d
	   |-- fabric-item-api-v1 14.7.0+cf6bc2db5d
	   |-- fabric-lifecycle-events-v1 4.1.9+ffef5f675d
	   |-- fabric-loot-api-v3 4.0.8+4068fd645d
	   |-- fabric-menu-api-v1 2.0.27+ed66f0a35d
	   |-- fabric-message-api-v1 7.0.10+3434d6d95d
	   |-- fabric-networking-api-v1 6.3.8+fcdff87f5d
	   |-- fabric-object-builder-api-v1 24.1.9+3434d6d95d
	   |-- fabric-particles-v1 5.0.24+3434d6d95d
	   |-- fabric-permission-api-v1 1.0.8+fcdff87f5d
	   |-- fabric-recipe-api-v1 10.0.8+fcdff87f5d
	   |-- fabric-registry-sync-v0 8.0.1+fcdff87f5d
	   |-- fabric-rendering-fluids-v1 6.0.6+3434d6d95d
	   |-- fabric-resource-conditions-api-v1 6.1.5+3434d6d95d
	   |-- fabric-resource-loader-v0 3.3.26+4fc5413f5d
	   |-- fabric-resource-loader-v1 3.0.4+fcdff87f5d
	   |-- fabric-serialization-api-v1 2.0.7+74ed1ea55d
	   |-- fabric-tag-api-v1 2.1.10+fcdff87f5d
	   |-- fabric-transfer-api-v1 8.0.25+fcdff87f5d
	   \-- fabric-transitive-access-wideners-v1 8.1.16+52268a0e5d
	- fabricloader 0.19.5
	   \-- mixinextras 0.5.5
	- java 25
	- minecraft 26.3
[12:00:09] [main/INFO]: SpongePowered MIXIN Subsystem Version=0.8.7 Source=file:/tmp/work/perf-before/libraries/net/fabricmc/sponge-mixin/0.17.4+mixin.0.8.7/sponge-mixin-0.17.4+mixin.0.8.7.jar Service=Knot/Fabric Env=SERVER
[12:00:10] [main/INFO]: Initializing MixinExtras via com.llamalad7.mixinextras.service.MixinExtrasServiceImpl(version=0.5.5).
WARNING: A terminally deprecated method in sun.misc.Unsafe has been called
WARNING: sun.misc.Unsafe::objectFieldOffset has been called by org.joml.MemUtil$MemUtilUnsafe (file:/tmp/work/perf-before/libraries/org/joml/joml/1.10.9/joml-1.10.9.jar)
WARNING: Please consider reporting this to the maintainers of class org.joml.MemUtil$MemUtilUnsafe
WARNING: sun.misc.Unsafe::objectFieldOffset will be removed in a future release
[12:00:17] [main/INFO]: Environment: Environment[discoveryUrl=https://discovery.minecraftservices.com/minecraft/client, name=PROD]
[12:00:17] [main/INFO]: Found new data pack file/packtest-probes, loading it automatically
[12:00:17] [main/INFO]: Found new data pack file/the-isles.zip, loading it automatically
[12:00:18] [Worker-Main-1/INFO]: No existing world data, creating new world
[12:00:19] [Worker-Main-2/INFO]: Loaded 1866 advancements
[12:00:19] [main/INFO]: Applied 0 biome modifications to 0 of 68 new biomes in 1.488 ms
[12:00:19] [Server thread/INFO]: Starting minecraft server version 26.3
[12:00:19] [Server thread/INFO]: Loading properties
[12:00:19] [Server thread/INFO]: Default game type: CREATIVE
[12:00:19] [Server thread/INFO]: Generating keypair
[12:00:20] [Server thread/INFO]: Starting Minecraft server on *:25565
[12:00:20] [Server thread/WARN]: **** SERVER IS RUNNING IN OFFLINE/INSECURE MODE!
[12:00:20] [Server thread/WARN]: The server will make no attempt to authenticate usernames. Beware.
[12:00:20] [Server thread/WARN]: While this makes the game possible to play without internet access, it also opens up the ability for hackers to connect with any username they choose.
[12:00:20] [Server thread/WARN]: To change this, set "online-mode" to "true" in the server.properties file.
[12:00:20] [Server thread/INFO]: Preparing level "world"
[12:00:20] [Server thread/INFO]: Selecting global world spawn...
[12:00:23] [Server thread/INFO]: Loading 0 persistent chunks...
[12:00:23] [Server thread/INFO]: Preparing spawn area: 100%
[12:00:23] [Server thread/INFO]: Time elapsed: 3310 ms
[12:00:23] [Server thread/INFO]: Done (3.523s)! For help, type "help"
[12:00:23] [Server thread/INFO]: Saving chunks for level 'ServerLevel[world]'/minecraft:overworld
[12:00:23] [Server thread/INFO]: Saving chunks for level 'ServerLevel[world]'/minecraft:the_end
[12:00:23] [Server thread/INFO]: Saving chunks for level 'ServerLevel[world]'/minecraft:the_nether
[12:00:26] [Server thread/INFO]: [Not Secure] [Server] SECTION start
[12:00:26] [Server thread/INFO]: System chat: Created new objective [pt]
[12:00:26] [Server thread/INFO]: System chat: Game rule max_block_modifications is now set to 100000000
[12:00:26] [Server thread/INFO]: System chat: Game rule respawn_radius is now set to 0
[12:00:26] [Server thread/INFO]: System chat: The game is running normally
[12:00:26] [Server thread/INFO]: System chat: Target tick rate: 20.0 per second.
Average time per tick: 7.3ms (Target: 50.0ms)
[12:00:26] [Server thread/INFO]: System chat: Percentiles: P50: 0.3ms P95: 50.5ms P99: 55.9ms. Sample: 100
[12:00:26] [Server thread/INFO]: System chat: Unmarked all force loaded chunks in minecraft:overworld
[12:00:49] [Server thread/INFO]: [Not Secure] [Server] PREGEN land start 256
[12:01:02] [Server thread/INFO]: System chat: Marked 256 chunks in minecraft:overworld from [20, -8] to [35, 7] to be force loaded
[12:01:02] [Server thread/INFO]: System chat: Running function packtest:count_land
[12:01:02] [Server thread/INFO]: System chat: Running function packtest:count_land
[12:01:02] [Server thread/INFO]: System chat: Running function packtest:count_land
[12:01:02] [Server thread/INFO]: System chat: Running function packtest:count_land
[12:01:02] [Server thread/INFO]: System chat: Running function packtest:count_land
[12:01:02] [Server thread/INFO]: System chat: Running function packtest:count_land
[12:01:02] [Server thread/INFO]: System chat: Running function packtest:count_land
[12:01:02] [Server thread/INFO]: System chat: Running function packtest:count_land
[12:01:02] [Server thread/INFO]: System chat: Running function packtest:count_land
[12:01:02] [Server thread/INFO]: System chat: Running function packtest:count_land
[12:01:02] [Server thread/INFO]: System chat: Running function packtest:count_land
[12:01:02] [Server thread/INFO]: System chat: Running function packtest:count_land
[12:01:02] [Server thread/INFO]: System chat: Running function packtest:count_land
[12:01:02] [Server thread/WARN]: Can't keep up! Is the server overloaded? Running 12969ms or 259 ticks behind
[12:01:02] [Server thread/INFO]: System chat: Running function packtest:count_land
[12:01:03] [Server thread/INFO]: System chat: Running function packtest:count_land
[12:01:04] [Server thread/INFO]: System chat: Running function packtest:count_land
[12:01:04] [Server thread/INFO]: [Not Secure] [Server] PREGEN land done 256
[12:01:08] [Server thread/INFO]: System chat: The game is running normally
[12:01:08] [Server thread/INFO]: System chat: Target tick rate: 20.0 per second.
Average time per tick: 17.5ms (Target: 50.0ms)
[12:01:08] [Server thread/INFO]: System chat: Percentiles: P50: 11.6ms P95: 50.8ms P99: 92.8ms. Sample: 100
[12:01:08] [Server thread/INFO]: System chat: Unmarked all force loaded chunks in minecraft:overworld
[12:01:08] [Server thread/INFO]: System chat: Unmarked all force loaded chunks in minecraft:overworld
[12:01:30] [Server thread/INFO]: [Not Secure] [Server] PREGEN void start 256
[12:01:36] [Server thread/INFO]: System chat: Marked 256 chunks in minecraft:overworld from [-233, -158] to [-218, -143] to be force loaded
[12:01:36] [Server thread/INFO]: System chat: Running function packtest:count_void
[12:01:36] [Server thread/INFO]: System chat: Running function packtest:count_void
[12:01:36] [Server thread/INFO]: System chat: Running function packtest:count_void
[12:01:36] [Server thread/INFO]: System chat: Running function packtest:count_void
[12:01:36] [Server thread/INFO]: System chat: Running function packtest:count_void
[12:01:36] [Server thread/INFO]: System chat: Running function packtest:count_void
[12:01:36] [Server thread/WARN]: Can't keep up! Is the server overloaded? Running 5159ms or 103 ticks behind
[12:01:37] [Server thread/INFO]: System chat: Running function packtest:count_void
[12:01:37] [Server thread/INFO]: [Not Secure] [Server] PREGEN void done 256
[12:01:40] [Server thread/INFO]: System chat: The game is running, but can't keep up with the target tick rate
[12:01:40] [Server thread/INFO]: System chat: Target tick rate: 20.0 per second.
Average time per tick: 54.0ms (Target: 50.0ms)
[12:01:40] [Server thread/INFO]: System chat: Percentiles: P50: 0.7ms P95: 3.0ms P99: 5200.9ms. Sample: 100
[12:01:40] [Server thread/INFO]: System chat: Unmarked all force loaded chunks in minecraft:overworld
[12:01:40] [Server thread/INFO]: System chat: Unmarked all force loaded chunks in minecraft:overworld
[12:02:03] [Server thread/INFO]: [Not Secure] [Server] PREGEN tiers start 64
[12:02:07] [Server thread/INFO]: System chat: Marked 64 chunks in minecraft:overworld from [207, -216] to [214, -209] to be force loaded
[12:02:07] [Server thread/INFO]: System chat: Running function packtest:count_tiers
[12:02:07] [Server thread/INFO]: System chat: Running function packtest:count_tiers
[12:02:07] [Server thread/INFO]: System chat: Running function packtest:count_tiers
[12:02:07] [Server thread/INFO]: System chat: Running function packtest:count_tiers
[12:02:07] [Server thread/INFO]: System chat: Running function packtest:count_tiers
[12:02:07] [Server thread/WARN]: Can't keep up! Is the server overloaded? Running 4510ms or 90 ticks behind
[12:02:08] [Server thread/INFO]: System chat: Running function packtest:count_tiers
[12:02:09] [Server thread/INFO]: System chat: Running function packtest:count_tiers
[12:02:09] [Server thread/INFO]: [Not Secure] [Server] PREGEN tiers done 64
[12:02:12] [Server thread/INFO]: System chat: The game is running normally
[12:02:12] [Server thread/INFO]: System chat: Target tick rate: 20.0 per second.
Average time per tick: 47.7ms (Target: 50.0ms)
[12:02:12] [Server thread/INFO]: System chat: Percentiles: P50: 1.0ms P95: 7.4ms P99: 4554.9ms. Sample: 100
[12:02:12] [Server thread/INFO]: System chat: Unmarked all force loaded chunks in minecraft:overworld
[12:02:12] [Server thread/INFO]: System chat: Unmarked all force loaded chunks in minecraft:overworld
[12:02:35] [Server thread/INFO]: [Not Secure] [Server] PREGEN basin start 64
[12:02:39] [Server thread/INFO]: System chat: Marked 64 chunks in minecraft:overworld from [-4, 189] to [3, 196] to be force loaded
[12:02:39] [Server thread/INFO]: System chat: Running function packtest:count_basin
[12:02:39] [Server thread/INFO]: System chat: Running function packtest:count_basin
[12:02:39] [Server thread/INFO]: System chat: Running function packtest:count_basin
[12:02:39] [Server thread/INFO]: System chat: Running function packtest:count_basin
[12:02:39] [Server thread/INFO]: System chat: Running function packtest:count_basin
[12:02:39] [Server thread/WARN]: Can't keep up! Is the server overloaded? Running 4102ms or 82 ticks behind
[12:02:40] [Server thread/INFO]: System chat: Running function packtest:count_basin
[12:02:40] [Server thread/INFO]: [Not Secure] [Server] PREGEN basin done 64
[12:02:43] [Server thread/INFO]: System chat: The game is running normally
[12:02:43] [Server thread/INFO]: System chat: Target tick rate: 20.0 per second.
Average time per tick: 44.3ms (Target: 50.0ms)
[12:02:43] [Server thread/INFO]: System chat: Percentiles: P50: 0.2ms P95: 16.9ms P99: 4147.6ms. Sample: 100
[12:02:43] [Server thread/INFO]: System chat: Unmarked all force loaded chunks in minecraft:overworld
[12:02:43] [Server thread/INFO]: [Not Secure] [Server] LOCATE mansion
[12:02:43] [Server thread/INFO]: System chat: Could not find a structure of type "minecraft:mansion" nearby
[12:02:44] [Server thread/INFO]: [Not Secure] [Server] LOCATE jungle_pyramid
[12:02:54] [Server thread/INFO]: System chat: Could not find a structure of type "minecraft:jungle_pyramid" nearby
[12:02:55] [Server thread/INFO]: System chat: The game is running normally
[12:02:55] [Server thread/INFO]: System chat: Target tick rate: 20.0 per second.
Average time per tick: 0.2ms (Target: 50.0ms)
[12:02:55] [Server thread/INFO]: System chat: Percentiles: P50: 0.0ms P95: 0.1ms P99: 17.8ms. Sample: 100
[12:02:57] [Server thread/INFO]: System chat: Marked 9 chunks in minecraft:overworld from [0, 0] to [2, 2] to be force loaded
[12:02:58] [Server thread/INFO]: [Not Secure] [Server] LOADED sea
[12:03:09] [Server thread/INFO]: [Not Secure] [Server] SCANBOX sea 48x48 columns at 0 0, y -395..-300
[12:03:09] [Server thread/INFO]: [Not Secure] [Server] SCAN sea minecraft:water
[12:03:09] [Server thread/INFO]: System chat: No blocks were filled
[12:03:09] [Server thread/INFO]: [Not Secure] [Server] SCAN sea minecraft:air
[12:03:09] [Server thread/INFO]: System chat: Successfully filled 55647 block(s)
[12:03:09] [Server thread/INFO]: [Not Secure] [Server] SCANBOX sea-below 48x48 columns at 0 0, y -700..-560 (under the island: nothing may be there)
[12:03:09] [Server thread/INFO]: [Not Secure] [Server] SCAN sea-below minecraft:water
[12:03:09] [Server thread/INFO]: System chat: No blocks were filled
[12:03:09] [Server thread/INFO]: System chat: Unmarked all force loaded chunks in minecraft:overworld
[12:03:09] [Server thread/INFO]: System chat: The game is running normally
[12:03:09] [Server thread/INFO]: System chat: Target tick rate: 20.0 per second.
Average time per tick: 2.6ms (Target: 50.0ms)
[12:03:09] [Server thread/INFO]: System chat: Percentiles: P50: 0.3ms P95: 1.4ms P99: 185.5ms. Sample: 100
[12:03:09] [Server thread/INFO]: [Not Secure] [Server] SECTION end perf
[12:03:09] [Server thread/INFO]: [Not Secure] [Server] CHECK commands done
[12:03:11] [Server thread/INFO]: System chat: Stopping the server
[12:03:11] [Server thread/INFO]: Stopping server
[12:03:11] [Server thread/INFO]: Saving players
[12:03:11] [Server thread/INFO]: Saving worlds
[12:03:11] [Server thread/INFO]: Saving chunks for level 'ServerLevel[world]'/minecraft:overworld
[12:03:11] [Server thread/INFO]: Saving chunks for level 'ServerLevel[world]'/minecraft:the_end
[12:03:11] [Server thread/INFO]: Saving chunks for level 'ServerLevel[world]'/minecraft:the_nether
EXIT 0
